Command line invocation:
    /Applications/Xcode.app/Contents/Developer/usr/bin/xcodebuild -project SeemiSpiritualCompanion.xcodeproj -scheme SeemiSpiritualCompanion -sdk iphonesimulator -destination "platform=iOS Simulator,id=46E71B54-6AFE-446D-A4EC-19487DA2BD0C" clean build

Build settings from command line:
    SDKROOT = iphonesimulator26.2

Resolve Package Graph


Resolved source packages:
  Alamofire: https://github.com/Alamofire/Alamofire.git @ 5.11.0

CreateBuildRequest

SendProjectDescription

CreateBuildOperation

** CLEAN SUCCEEDED **

ComputePackagePrebuildTargetDependencyGraph

Prepare packages

CreateBuildRequest

SendProjectDescription

CreateBuildOperation

ComputeTargetDependencyGraph
note: Building targets in dependency order
note: Target dependency graph (4 targets)
    Target 'SeemiSpiritualCompanion' in project 'SeemiSpiritualCompanion'
        ➜ Explicit dependency on target 'Alamofire' in project 'Alamofire'
    Target 'Alamofire' in project 'Alamofire'
        ➜ Explicit dependency on target 'Alamofire' in project 'Alamofire'
        ➜ Explicit dependency on target 'Alamofire_Alamofire' in project 'Alamofire'
    Target 'Alamofire' in project 'Alamofire'
        ➜ Explicit dependency on target 'Alamofire_Alamofire' in project 'Alamofire'
    Target 'Alamofire_Alamofire' in project 'Alamofire' (no dependencies)

GatherProvisioningInputs

CreateBuildDescription

ExecuteExternalTool /Applications/Xcode.app/Contents/Developer/Toolchains/XcodeDefault.xctoolchain/usr/bin/clang -v -E -dM -isysroot /Applications/Xcode.app/Contents/Developer/Platforms/iPhoneSimulator.platform/Developer/SDKs/iPhoneSimulator26.2.sdk -x c -c /dev/null

ExecuteExternalTool /Applications/Xcode.app/Contents/Developer/Toolchains/XcodeDefault.xctoolchain/usr/bin/swiftc --version

ExecuteExternalTool /Applications/Xcode.app/Contents/Developer/usr/bin/actool --print-asset-tag-combinations --output-format xml1 /Users/nexteleven/Seemi/Surah/Assets.xcassets

ExecuteExternalTool /Applications/Xcode.app/Contents/Developer/Toolchains/XcodeDefault.xctoolchain/usr/bin/ld -version_details

ExecuteExternalTool /Applications/Xcode.app/Contents/Developer/usr/bin/actool --version --output-format xml1

Build description signature: 84aa12b279323c57bc39eea601a43ac2
Build description path: /Users/nexteleven/Library/Developer/Xcode/DerivedData/SeemiSpiritualCompanion-gpbvwpkxsiosplclirrluecleuxc/Build/Intermediates.noindex/XCBuildData/84aa12b279323c57bc39eea601a43ac2.xcbuilddata
ClangStatCache /Applications/Xcode.app/Contents/Developer/Toolchains/XcodeDefault.xctoolchain/usr/bin/clang-stat-cache /Applications/Xcode.app/Contents/Developer/Platforms/iPhoneSimulator.platform/Developer/SDKs/iPhoneSimulator26.2.sdk /Users/nexteleven/Library/Developer/Xcode/DerivedData/SDKStatCaches.noindex/iphonesimulator26.2-23C53-7d00a8b37fbd7999ea79df8ebc024bf0.sdkstatcache
    cd /Users/nexteleven/Seemi/Surah/SeemiSpiritualCompanion.xcodeproj
    /Applications/Xcode.app/Contents/Developer/Toolchains/XcodeDefault.xctoolchain/usr/bin/clang-stat-cache /Applications/Xcode.app/Contents/Developer/Platforms/iPhoneSimulator.platform/Developer/SDKs/iPhoneSimulator26.2.sdk -o /Users/nexteleven/Library/Developer/Xcode/DerivedData/SDKStatCaches.noindex/iphonesimulator26.2-23C53-7d00a8b37fbd7999ea79df8ebc024bf0.sdkstatcache

CreateBuildDirectory /Users/nexteleven/Library/Developer/Xcode/DerivedData/SeemiSpiritualCompanion-gpbvwpkxsiosplclirrluecleuxc/Build/Intermediates.noindex
    cd /Users/nexteleven/Seemi/Surah/SeemiSpiritualCompanion.xcodeproj
    builtin-create-build-directory /Users/nexteleven/Library/Developer/Xcode/DerivedData/SeemiSpiritualCompanion-gpbvwpkxsiosplclirrluecleuxc/Build/Intermediates.noindex

CreateBuildDirectory /Users/nexteleven/Library/Developer/Xcode/DerivedData/SeemiSpiritualCompanion-gpbvwpkxsiosplclirrluecleuxc/Build/Products
    cd /Users/nexteleven/Seemi/Surah/SeemiSpiritualCompanion.xcodeproj
    builtin-create-build-directory /Users/nexteleven/Library/Developer/Xcode/DerivedData/SeemiSpiritualCompanion-gpbvwpkxsiosplclirrluecleuxc/Build/Products

CreateBuildDirectory /Users/nexteleven/Library/Developer/Xcode/DerivedData/SeemiSpiritualCompanion-gpbvwpkxsiosplclirrluecleuxc/Build/Intermediates.noindex/SwiftExplicitPrecompiledModules
    cd /Users/nexteleven/Seemi/Surah/SeemiSpiritualCompanion.xcodeproj
    builtin-create-build-directory /Users/nexteleven/Library/Developer/Xcode/DerivedData/SeemiSpiritualCompanion-gpbvwpkxsiosplclirrluecleuxc/Build/Intermediates.noindex/SwiftExplicitPrecompiledModules

CreateBuildDirectory /Users/nexteleven/Library/Developer/Xcode/DerivedData/SeemiSpiritualCompanion-gpbvwpkxsiosplclirrluecleuxc/Build/Products/Debug-iphonesimulator
    cd /Users/nexteleven/Seemi/Surah/SeemiSpiritualCompanion.xcodeproj
    builtin-create-build-directory /Users/nexteleven/Library/Developer/Xcode/DerivedData/SeemiSpiritualCompanion-gpbvwpkxsiosplclirrluecleuxc/Build/Products/Debug-iphonesimulator

CreateBuildDirectory /Users/nexteleven/Library/Developer/Xcode/DerivedData/SeemiSpiritualCompanion-gpbvwpkxsiosplclirrluecleuxc/Build/Intermediates.noindex/ExplicitPrecompiledModules
    cd /Users/nexteleven/Seemi/Surah/SeemiSpiritualCompanion.xcodeproj
    builtin-create-build-directory /Users/nexteleven/Library/Developer/Xcode/DerivedData/SeemiSpiritualCompanion-gpbvwpkxsiosplclirrluecleuxc/Build/Intermediates.noindex/ExplicitPrecompiledModules

WriteAuxiliaryFile /Users/nexteleven/Library/Developer/Xcode/DerivedData/SeemiSpiritualCompanion-gpbvwpkxsiosplclirrluecleuxc/Build/Intermediates.noindex/SeemiSpiritualCompanion.build/Debug-iphonesimulator/SeemiSpiritualCompanion-dd6cd381e5a4d5a86bfee030ff463023-VFS-iphonesimulator/all-product-headers.yaml
    cd /Users/nexteleven/Seemi/Surah/SeemiSpiritualCompanion.xcodeproj
    write-file /Users/nexteleven/Library/Developer/Xcode/DerivedData/SeemiSpiritualCompanion-gpbvwpkxsiosplclirrluecleuxc/Build/Intermediates.noindex/SeemiSpiritualCompanion.build/Debug-iphonesimulator/SeemiSpiritualCompanion-dd6cd381e5a4d5a86bfee030ff463023-VFS-iphonesimulator/all-product-headers.yaml

CreateBuildDirectory /Users/nexteleven/Library/Developer/Xcode/DerivedData/SeemiSpiritualCompanion-gpbvwpkxsiosplclirrluecleuxc/Build/Intermediates.noindex/EagerLinkingTBDs/Debug-iphonesimulator
    cd /Users/nexteleven/Seemi/Surah/SeemiSpiritualCompanion.xcodeproj
    builtin-create-build-directory /Users/nexteleven/Library/Developer/Xcode/DerivedData/SeemiSpiritualCompanion-gpbvwpkxsiosplclirrluecleuxc/Build/Intermediates.noindex/EagerLinkingTBDs/Debug-iphonesimulator

CreateBuildDirectory /Users/nexteleven/Library/Developer/Xcode/DerivedData/SeemiSpiritualCompanion-gpbvwpkxsiosplclirrluecleuxc/Build/Products/Debug-iphonesimulator/PackageFrameworks
    cd /Users/nexteleven/Seemi/Surah/SeemiSpiritualCompanion.xcodeproj
    builtin-create-build-directory /Users/nexteleven/Library/Developer/Xcode/DerivedData/SeemiSpiritualCompanion-gpbvwpkxsiosplclirrluecleuxc/Build/Products/Debug-iphonesimulator/PackageFrameworks

WriteAuxiliaryFile /Users/nexteleven/Library/Developer/Xcode/DerivedData/SeemiSpiritualCompanion-gpbvwpkxsiosplclirrluecleuxc/Build/Intermediates.noindex/SeemiSpiritualCompanion.build/Debug-iphonesimulator/SeemiSpiritualCompanion.build/SeemiSpiritualCompanion-all-target-headers.hmap (in target 'SeemiSpiritualCompanion' from project 'SeemiSpiritualCompanion')
    cd /Users/nexteleven/Seemi/Surah
    write-file /Users/nexteleven/Library/Developer/Xcode/DerivedData/SeemiSpiritualCompanion-gpbvwpkxsiosplclirrluecleuxc/Build/Intermediates.noindex/SeemiSpiritualCompanion.build/Debug-iphonesimulator/SeemiSpiritualCompanion.build/SeemiSpiritualCompanion-all-target-headers.hmap

WriteAuxiliaryFile /Users/nexteleven/Library/Developer/Xcode/DerivedData/SeemiSpiritualCompanion-gpbvwpkxsiosplclirrluecleuxc/Build/Intermediates.noindex/SeemiSpiritualCompanion.build/Debug-iphonesimulator/SeemiSpiritualCompanion.build/SeemiSpiritualCompanion-project-headers.hmap (in target 'SeemiSpiritualCompanion' from project 'SeemiSpiritualCompanion')
    cd /Users/nexteleven/Seemi/Surah
    write-file /Users/nexteleven/Library/Developer/Xcode/DerivedData/SeemiSpiritualCompanion-gpbvwpkxsiosplclirrluecleuxc/Build/Intermediates.noindex/SeemiSpiritualCompanion.build/Debug-iphonesimulator/SeemiSpiritualCompanion.build/SeemiSpiritualCompanion-project-headers.hmap

WriteAuxiliaryFile /Users/nexteleven/Library/Developer/Xcode/DerivedData/SeemiSpiritualCompanion-gpbvwpkxsiosplclirrluecleuxc/Build/Intermediates.noindex/SeemiSpiritualCompanion.build/Debug-iphonesimulator/SeemiSpiritualCompanion.build/SeemiSpiritualCompanion-generated-files.hmap (in target 'SeemiSpiritualCompanion' from project 'SeemiSpiritualCompanion')
    cd /Users/nexteleven/Seemi/Surah
    write-file /Users/nexteleven/Library/Developer/Xcode/DerivedData/SeemiSpiritualCompanion-gpbvwpkxsiosplclirrluecleuxc/Build/Intermediates.noindex/SeemiSpiritualCompanion.build/Debug-iphonesimulator/SeemiSpiritualCompanion.build/SeemiSpiritualCompanion-generated-files.hmap

WriteAuxiliaryFile /Users/nexteleven/Library/Developer/Xcode/DerivedData/SeemiSpiritualCompanion-gpbvwpkxsiosplclirrluecleuxc/Build/Intermediates.noindex/SeemiSpiritualCompanion.build/Debug-iphonesimulator/SeemiSpiritualCompanion.build/SeemiSpiritualCompanion.hmap (in target 'SeemiSpiritualCompanion' from project 'SeemiSpiritualCompanion')
    cd /Users/nexteleven/Seemi/Surah
    write-file /Users/nexteleven/Library/Developer/Xcode/DerivedData/SeemiSpiritualCompanion-gpbvwpkxsiosplclirrluecleuxc/Build/Intermediates.noindex/SeemiSpiritualCompanion.build/Debug-iphonesimulator/SeemiSpiritualCompanion.build/SeemiSpiritualCompanion.hmap

WriteAuxiliaryFile /Users/nexteleven/Library/Developer/Xcode/DerivedData/SeemiSpiritualCompanion-gpbvwpkxsiosplclirrluecleuxc/Build/Intermediates.noindex/SeemiSpiritualCompanion.build/Debug-iphonesimulator/SeemiSpiritualCompanion.build/SeemiSpiritualCompanion-own-target-headers.hmap (in target 'SeemiSpiritualCompanion' from project 'SeemiSpiritualCompanion')
    cd /Users/nexteleven/Seemi/Surah
    write-file /Users/nexteleven/Library/Developer/Xcode/DerivedData/SeemiSpiritualCompanion-gpbvwpkxsiosplclirrluecleuxc/Build/Intermediates.noindex/SeemiSpiritualCompanion.build/Debug-iphonesimulator/SeemiSpiritualCompanion.build/SeemiSpiritualCompanion-own-target-headers.hmap

WriteAuxiliaryFile /Users/nexteleven/Library/Developer/Xcode/DerivedData/SeemiSpiritualCompanion-gpbvwpkxsiosplclirrluecleuxc/Build/Intermediates.noindex/SeemiSpiritualCompanion.build/Debug-iphonesimulator/SeemiSpiritualCompanion.build/SeemiSpiritualCompanion.DependencyStaticMetadataFileList (in target 'SeemiSpiritualCompanion' from project 'SeemiSpiritualCompanion')
    cd /Users/nexteleven/Seemi/Surah
    write-file /Users/nexteleven/Library/Developer/Xcode/DerivedData/SeemiSpiritualCompanion-gpbvwpkxsiosplclirrluecleuxc/Build/Intermediates.noindex/SeemiSpiritualCompanion.build/Debug-iphonesimulator/SeemiSpiritualCompanion.build/SeemiSpiritualCompanion.DependencyStaticMetadataFileList

WriteAuxiliaryFile /Users/nexteleven/Library/Developer/Xcode/DerivedData/SeemiSpiritualCompanion-gpbvwpkxsiosplclirrluecleuxc/Build/Intermediates.noindex/SeemiSpiritualCompanion.build/Debug-iphonesimulator/SeemiSpiritualCompanion.build/SeemiSpiritualCompanion.DependencyMetadataFileList (in target 'SeemiSpiritualCompanion' from project 'SeemiSpiritualCompanion')
    cd /Users/nexteleven/Seemi/Surah
    write-file /Users/nexteleven/Library/Developer/Xcode/DerivedData/SeemiSpiritualCompanion-gpbvwpkxsiosplclirrluecleuxc/Build/Intermediates.noindex/SeemiSpiritualCompanion.build/Debug-iphonesimulator/SeemiSpiritualCompanion.build/SeemiSpiritualCompanion.DependencyMetadataFileList

WriteAuxiliaryFile /Users/nexteleven/Library/Developer/Xcode/DerivedData/SeemiSpiritualCompanion-gpbvwpkxsiosplclirrluecleuxc/Build/Intermediates.noindex/SeemiSpiritualCompanion.build/Debug-iphonesimulator/SeemiSpiritualCompanion.build/SeemiSpiritualCompanion-all-non-framework-target-headers.hmap (in target 'SeemiSpiritualCompanion' from project 'SeemiSpiritualCompanion')
    cd /Users/nexteleven/Seemi/Surah
    write-file /Users/nexteleven/Library/Developer/Xcode/DerivedData/SeemiSpiritualCompanion-gpbvwpkxsiosplclirrluecleuxc/Build/Intermediates.noindex/SeemiSpiritualCompanion.build/Debug-iphonesimulator/SeemiSpiritualCompanion.build/SeemiSpiritualCompanion-all-non-framework-target-headers.hmap

WriteAuxiliaryFile /Users/nexteleven/Library/Developer/Xcode/DerivedData/SeemiSpiritualCompanion-gpbvwpkxsiosplclirrluecleuxc/Build/Intermediates.noindex/SeemiSpiritualCompanion.build/Debug-iphonesimulator/SeemiSpiritualCompanion.build/SeemiSpiritualCompanion-DebugDylibPath-normal-arm64.txt (in target 'SeemiSpiritualCompanion' from project 'SeemiSpiritualCompanion')
    cd /Users/nexteleven/Seemi/Surah
    write-file /Users/nexteleven/Library/Developer/Xcode/DerivedData/SeemiSpiritualCompanion-gpbvwpkxsiosplclirrluecleuxc/Build/Intermediates.noindex/SeemiSpiritualCompanion.build/Debug-iphonesimulator/SeemiSpiritualCompanion.build/SeemiSpiritualCompanion-DebugDylibPath-normal-arm64.txt

WriteAuxiliaryFile /Users/nexteleven/Library/Developer/Xcode/DerivedData/SeemiSpiritualCompanion-gpbvwpkxsiosplclirrluecleuxc/Build/Intermediates.noindex/SeemiSpiritualCompanion.build/Debug-iphonesimulator/SeemiSpiritualCompanion.build/SeemiSpiritualCompanion-DebugDylibInstallName-normal-arm64.txt (in target 'SeemiSpiritualCompanion' from project 'SeemiSpiritualCompanion')
    cd /Users/nexteleven/Seemi/Surah
    write-file /Users/nexteleven/Library/Developer/Xcode/DerivedData/SeemiSpiritualCompanion-gpbvwpkxsiosplclirrluecleuxc/Build/Intermediates.noindex/SeemiSpiritualCompanion.build/Debug-iphonesimulator/SeemiSpiritualCompanion.build/SeemiSpiritualCompanion-DebugDylibInstallName-normal-arm64.txt

WriteAuxiliaryFile /Users/nexteleven/Library/Developer/Xcode/DerivedData/SeemiSpiritualCompanion-gpbvwpkxsiosplclirrluecleuxc/Build/Intermediates.noindex/SeemiSpiritualCompanion.build/Debug-iphonesimulator/SeemiSpiritualCompanion.build/Objects-normal/arm64/SeemiSpiritualCompanion_const_extract_protocols.json (in target 'SeemiSpiritualCompanion' from project 'SeemiSpiritualCompanion')
    cd /Users/nexteleven/Seemi/Surah
    write-file /Users/nexteleven/Library/Developer/Xcode/DerivedData/SeemiSpiritualCompanion-gpbvwpkxsiosplclirrluecleuxc/Build/Intermediates.noindex/SeemiSpiritualCompanion.build/Debug-iphonesimulator/SeemiSpiritualCompanion.build/Objects-normal/arm64/SeemiSpiritualCompanion_const_extract_protocols.json

WriteAuxiliaryFile /Users/nexteleven/Library/Developer/Xcode/DerivedData/SeemiSpiritualCompanion-gpbvwpkxsiosplclirrluecleuxc/Build/Intermediates.noindex/SeemiSpiritualCompanion.build/Debug-iphonesimulator/SeemiSpiritualCompanion.build/Objects-normal/arm64/SeemiSpiritualCompanion.SwiftFileList (in target 'SeemiSpiritualCompanion' from project 'SeemiSpiritualCompanion')
    cd /Users/nexteleven/Seemi/Surah
    write-file /Users/nexteleven/Library/Developer/Xcode/DerivedData/SeemiSpiritualCompanion-gpbvwpkxsiosplclirrluecleuxc/Build/Intermediates.noindex/SeemiSpiritualCompanion.build/Debug-iphonesimulator/SeemiSpiritualCompanion.build/Objects-normal/arm64/SeemiSpiritualCompanion.SwiftFileList

WriteAuxiliaryFile /Users/nexteleven/Library/Developer/Xcode/DerivedData/SeemiSpiritualCompanion-gpbvwpkxsiosplclirrluecleuxc/Build/Intermediates.noindex/SeemiSpiritualCompanion.build/Debug-iphonesimulator/SeemiSpiritualCompanion.build/Objects-normal/arm64/SeemiSpiritualCompanion.SwiftConstValuesFileList (in target 'SeemiSpiritualCompanion' from project 'SeemiSpiritualCompanion')
    cd /Users/nexteleven/Seemi/Surah
    write-file /Users/nexteleven/Library/Developer/Xcode/DerivedData/SeemiSpiritualCompanion-gpbvwpkxsiosplclirrluecleuxc/Build/Intermediates.noindex/SeemiSpiritualCompanion.build/Debug-iphonesimulator/SeemiSpiritualCompanion.build/Objects-normal/arm64/SeemiSpiritualCompanion.SwiftConstValuesFileList

WriteAuxiliaryFile /Users/nexteleven/Library/Developer/Xcode/DerivedData/SeemiSpiritualCompanion-gpbvwpkxsiosplclirrluecleuxc/Build/Intermediates.noindex/SeemiSpiritualCompanion.build/Debug-iphonesimulator/SeemiSpiritualCompanion.build/Objects-normal/arm64/SeemiSpiritualCompanion.LinkFileList (in target 'SeemiSpiritualCompanion' from project 'SeemiSpiritualCompanion')
    cd /Users/nexteleven/Seemi/Surah
    write-file /Users/nexteleven/Library/Developer/Xcode/DerivedData/SeemiSpiritualCompanion-gpbvwpkxsiosplclirrluecleuxc/Build/Intermediates.noindex/SeemiSpiritualCompanion.build/Debug-iphonesimulator/SeemiSpiritualCompanion.build/Objects-normal/arm64/SeemiSpiritualCompanion.LinkFileList

WriteAuxiliaryFile /Users/nexteleven/Library/Developer/Xcode/DerivedData/SeemiSpiritualCompanion-gpbvwpkxsiosplclirrluecleuxc/Build/Intermediates.noindex/SeemiSpiritualCompanion.build/Debug-iphonesimulator/SeemiSpiritualCompanion.build/Objects-normal/arm64/SeemiSpiritualCompanion-OutputFileMap.json (in target 'SeemiSpiritualCompanion' from project 'SeemiSpiritualCompanion')
    cd /Users/nexteleven/Seemi/Surah
    write-file /Users/nexteleven/Library/Developer/Xcode/DerivedData/SeemiSpiritualCompanion-gpbvwpkxsiosplclirrluecleuxc/Build/Intermediates.noindex/SeemiSpiritualCompanion.build/Debug-iphonesimulator/SeemiSpiritualCompanion.build/Objects-normal/arm64/SeemiSpiritualCompanion-OutputFileMap.json

WriteAuxiliaryFile /Users/nexteleven/Library/Developer/Xcode/DerivedData/SeemiSpiritualCompanion-gpbvwpkxsiosplclirrluecleuxc/Build/Intermediates.noindex/SeemiSpiritualCompanion.build/Debug-iphonesimulator/SeemiSpiritualCompanion.build/DerivedSources/Entitlements-Simulated.plist (in target 'SeemiSpiritualCompanion' from project 'SeemiSpiritualCompanion')
    cd /Users/nexteleven/Seemi/Surah
    write-file /Users/nexteleven/Library/Developer/Xcode/DerivedData/SeemiSpiritualCompanion-gpbvwpkxsiosplclirrluecleuxc/Build/Intermediates.noindex/SeemiSpiritualCompanion.build/Debug-iphonesimulator/SeemiSpiritualCompanion.build/DerivedSources/Entitlements-Simulated.plist

WriteAuxiliaryFile /Users/nexteleven/Library/Developer/Xcode/DerivedData/SeemiSpiritualCompanion-gpbvwpkxsiosplclirrluecleuxc/Build/Intermediates.noindex/Alamofire.build/Debug-iphonesimulator/Alamofire_Alamofire.build/empty-Alamofire_Alamofire.plist (in target 'Alamofire_Alamofire' from project 'Alamofire')
    cd /Users/nexteleven/Library/Developer/Xcode/DerivedData/SeemiSpiritualCompanion-gpbvwpkxsiosplclirrluecleuxc/SourcePackages/checkouts/Alamofire
    write-file /Users/nexteleven/Library/Developer/Xcode/DerivedData/SeemiSpiritualCompanion-gpbvwpkxsiosplclirrluecleuxc/Build/Intermediates.noindex/Alamofire.build/Debug-iphonesimulator/Alamofire_Alamofire.build/empty-Alamofire_Alamofire.plist

WriteAuxiliaryFile /Users/nexteleven/Library/Developer/Xcode/DerivedData/SeemiSpiritualCompanion-gpbvwpkxsiosplclirrluecleuxc/Build/Intermediates.noindex/Alamofire.build/Debug-iphonesimulator/Alamofire_Alamofire.build/Alamofire_Alamofire.DependencyStaticMetadataFileList (in target 'Alamofire_Alamofire' from project 'Alamofire')
    cd /Users/nexteleven/Library/Developer/Xcode/DerivedData/SeemiSpiritualCompanion-gpbvwpkxsiosplclirrluecleuxc/SourcePackages/checkouts/Alamofire
    write-file /Users/nexteleven/Library/Developer/Xcode/DerivedData/SeemiSpiritualCompanion-gpbvwpkxsiosplclirrluecleuxc/Build/Intermediates.noindex/Alamofire.build/Debug-iphonesimulator/Alamofire_Alamofire.build/Alamofire_Alamofire.DependencyStaticMetadataFileList

WriteAuxiliaryFile /Users/nexteleven/Library/Developer/Xcode/DerivedData/SeemiSpiritualCompanion-gpbvwpkxsiosplclirrluecleuxc/Build/Intermediates.noindex/Alamofire.build/Debug-iphonesimulator/Alamofire_Alamofire.build/Alamofire_Alamofire.DependencyMetadataFileList (in target 'Alamofire_Alamofire' from project 'Alamofire')
    cd /Users/nexteleven/Library/Developer/Xcode/DerivedData/SeemiSpiritualCompanion-gpbvwpkxsiosplclirrluecleuxc/SourcePackages/checkouts/Alamofire
    write-file /Users/nexteleven/Library/Developer/Xcode/DerivedData/SeemiSpiritualCompanion-gpbvwpkxsiosplclirrluecleuxc/Build/Intermediates.noindex/Alamofire.build/Debug-iphonesimulator/Alamofire_Alamofire.build/Alamofire_Alamofire.DependencyMetadataFileList

WriteAuxiliaryFile /Users/nexteleven/Library/Developer/Xcode/DerivedData/SeemiSpiritualCompanion-gpbvwpkxsiosplclirrluecleuxc/Build/Intermediates.noindex/Alamofire.build/Debug-iphonesimulator/Alamofire.build/Objects-normal/arm64/Alamofire_const_extract_protocols.json (in target 'Alamofire' from project 'Alamofire')
    cd /Users/nexteleven/Library/Developer/Xcode/DerivedData/SeemiSpiritualCompanion-gpbvwpkxsiosplclirrluecleuxc/SourcePackages/checkouts/Alamofire
    write-file /Users/nexteleven/Library/Developer/Xcode/DerivedData/SeemiSpiritualCompanion-gpbvwpkxsiosplclirrluecleuxc/Build/Intermediates.noindex/Alamofire.build/Debug-iphonesimulator/Alamofire.build/Objects-normal/arm64/Alamofire_const_extract_protocols.json

WriteAuxiliaryFile /Users/nexteleven/Library/Developer/Xcode/DerivedData/SeemiSpiritualCompanion-gpbvwpkxsiosplclirrluecleuxc/Build/Intermediates.noindex/Alamofire.build/Debug-iphonesimulator/Alamofire.build/Objects-normal/arm64/Alamofire.SwiftFileList (in target 'Alamofire' from project 'Alamofire')
    cd /Users/nexteleven/Library/Developer/Xcode/DerivedData/SeemiSpiritualCompanion-gpbvwpkxsiosplclirrluecleuxc/SourcePackages/checkouts/Alamofire
    write-file /Users/nexteleven/Library/Developer/Xcode/DerivedData/SeemiSpiritualCompanion-gpbvwpkxsiosplclirrluecleuxc/Build/Intermediates.noindex/Alamofire.build/Debug-iphonesimulator/Alamofire.build/Objects-normal/arm64/Alamofire.SwiftFileList

WriteAuxiliaryFile /Users/nexteleven/Library/Developer/Xcode/DerivedData/SeemiSpiritualCompanion-gpbvwpkxsiosplclirrluecleuxc/Build/Intermediates.noindex/Alamofire.build/Debug-iphonesimulator/Alamofire.build/Objects-normal/arm64/Alamofire.SwiftConstValuesFileList (in target 'Alamofire' from project 'Alamofire')
    cd /Users/nexteleven/Library/Developer/Xcode/DerivedData/SeemiSpiritualCompanion-gpbvwpkxsiosplclirrluecleuxc/SourcePackages/checkouts/Alamofire
    write-file /Users/nexteleven/Library/Developer/Xcode/DerivedData/SeemiSpiritualCompanion-gpbvwpkxsiosplclirrluecleuxc/Build/Intermediates.noindex/Alamofire.build/Debug-iphonesimulator/Alamofire.build/Objects-normal/arm64/Alamofire.SwiftConstValuesFileList

WriteAuxiliaryFile /Users/nexteleven/Library/Developer/Xcode/DerivedData/SeemiSpiritualCompanion-gpbvwpkxsiosplclirrluecleuxc/Build/Intermediates.noindex/Alamofire.build/Debug-iphonesimulator/Alamofire.build/Objects-normal/arm64/Alamofire.LinkFileList (in target 'Alamofire' from project 'Alamofire')
    cd /Users/nexteleven/Library/Developer/Xcode/DerivedData/SeemiSpiritualCompanion-gpbvwpkxsiosplclirrluecleuxc/SourcePackages/checkouts/Alamofire
    write-file /Users/nexteleven/Library/Developer/Xcode/DerivedData/SeemiSpiritualCompanion-gpbvwpkxsiosplclirrluecleuxc/Build/Intermediates.noindex/Alamofire.build/Debug-iphonesimulator/Alamofire.build/Objects-normal/arm64/Alamofire.LinkFileList

WriteAuxiliaryFile /Users/nexteleven/Library/Developer/Xcode/DerivedData/SeemiSpiritualCompanion-gpbvwpkxsiosplclirrluecleuxc/Build/Intermediates.noindex/Alamofire.build/Debug-iphonesimulator/Alamofire.build/Objects-normal/arm64/Alamofire-OutputFileMap.json (in target 'Alamofire' from project 'Alamofire')
    cd /Users/nexteleven/Library/Developer/Xcode/DerivedData/SeemiSpiritualCompanion-gpbvwpkxsiosplclirrluecleuxc/SourcePackages/checkouts/Alamofire
    write-file /Users/nexteleven/Library/Developer/Xcode/DerivedData/SeemiSpiritualCompanion-gpbvwpkxsiosplclirrluecleuxc/Build/Intermediates.noindex/Alamofire.build/Debug-iphonesimulator/Alamofire.build/Objects-normal/arm64/Alamofire-OutputFileMap.json

WriteAuxiliaryFile /Users/nexteleven/Library/Developer/Xcode/DerivedData/SeemiSpiritualCompanion-gpbvwpkxsiosplclirrluecleuxc/Build/Intermediates.noindex/Alamofire.build/Debug-iphonesimulator/Alamofire.build/DerivedSources/resource_bundle_accessor.swift (in target 'Alamofire' from project 'Alamofire')
    cd /Users/nexteleven/Library/Developer/Xcode/DerivedData/SeemiSpiritualCompanion-gpbvwpkxsiosplclirrluecleuxc/SourcePackages/checkouts/Alamofire
    write-file /Users/nexteleven/Library/Developer/Xcode/DerivedData/SeemiSpiritualCompanion-gpbvwpkxsiosplclirrluecleuxc/Build/Intermediates.noindex/Alamofire.build/Debug-iphonesimulator/Alamofire.build/DerivedSources/resource_bundle_accessor.swift

WriteAuxiliaryFile /Users/nexteleven/Library/Developer/Xcode/DerivedData/SeemiSpiritualCompanion-gpbvwpkxsiosplclirrluecleuxc/Build/Intermediates.noindex/Alamofire.build/Debug-iphonesimulator/Alamofire.build/Alamofire.modulemap (in target 'Alamofire' from project 'Alamofire')
    cd /Users/nexteleven/Library/Developer/Xcode/DerivedData/SeemiSpiritualCompanion-gpbvwpkxsiosplclirrluecleuxc/SourcePackages/checkouts/Alamofire
    write-file /Users/nexteleven/Library/Developer/Xcode/DerivedData/SeemiSpiritualCompanion-gpbvwpkxsiosplclirrluecleuxc/Build/Intermediates.noindex/Alamofire.build/Debug-iphonesimulator/Alamofire.build/Alamofire.modulemap

WriteAuxiliaryFile /Users/nexteleven/Library/Developer/Xcode/DerivedData/SeemiSpiritualCompanion-gpbvwpkxsiosplclirrluecleuxc/Build/Intermediates.noindex/Alamofire.build/Debug-iphonesimulator/Alamofire.build/Alamofire.DependencyStaticMetadataFileList (in target 'Alamofire' from project 'Alamofire')
    cd /Users/nexteleven/Library/Developer/Xcode/DerivedData/SeemiSpiritualCompanion-gpbvwpkxsiosplclirrluecleuxc/SourcePackages/checkouts/Alamofire
    write-file /Users/nexteleven/Library/Developer/Xcode/DerivedData/SeemiSpiritualCompanion-gpbvwpkxsiosplclirrluecleuxc/Build/Intermediates.noindex/Alamofire.build/Debug-iphonesimulator/Alamofire.build/Alamofire.DependencyStaticMetadataFileList

WriteAuxiliaryFile /Users/nexteleven/Library/Developer/Xcode/DerivedData/SeemiSpiritualCompanion-gpbvwpkxsiosplclirrluecleuxc/Build/Intermediates.noindex/Alamofire.build/Debug-iphonesimulator/Alamofire.build/Alamofire.DependencyMetadataFileList (in target 'Alamofire' from project 'Alamofire')
    cd /Users/nexteleven/Library/Developer/Xcode/DerivedData/SeemiSpiritualCompanion-gpbvwpkxsiosplclirrluecleuxc/SourcePackages/checkouts/Alamofire
    write-file /Users/nexteleven/Library/Developer/Xcode/DerivedData/SeemiSpiritualCompanion-gpbvwpkxsiosplclirrluecleuxc/Build/Intermediates.noindex/Alamofire.build/Debug-iphonesimulator/Alamofire.build/Alamofire.DependencyMetadataFileList

MkDir /Users/nexteleven/Library/Developer/Xcode/DerivedData/SeemiSpiritualCompanion-gpbvwpkxsiosplclirrluecleuxc/Build/Products/Debug-iphonesimulator/SeemiSpiritualCompanion.app (in target 'SeemiSpiritualCompanion' from project 'SeemiSpiritualCompanion')
    cd /Users/nexteleven/Seemi/Surah
    /bin/mkdir -p /Users/nexteleven/Library/Developer/Xcode/DerivedData/SeemiSpiritualCompanion-gpbvwpkxsiosplclirrluecleuxc/Build/Products/Debug-iphonesimulator/SeemiSpiritualCompanion.app

MkDir /Users/nexteleven/Library/Developer/Xcode/DerivedData/SeemiSpiritualCompanion-gpbvwpkxsiosplclirrluecleuxc/Build/Products/Debug-iphonesimulator/Alamofire_Alamofire.bundle (in target 'Alamofire_Alamofire' from project 'Alamofire')
    cd /Users/nexteleven/Library/Developer/Xcode/DerivedData/SeemiSpiritualCompanion-gpbvwpkxsiosplclirrluecleuxc/SourcePackages/checkouts/Alamofire
    /bin/mkdir -p /Users/nexteleven/Library/Developer/Xcode/DerivedData/SeemiSpiritualCompanion-gpbvwpkxsiosplclirrluecleuxc/Build/Products/Debug-iphonesimulator/Alamofire_Alamofire.bundle

Copy /Users/nexteleven/Library/Developer/Xcode/DerivedData/SeemiSpiritualCompanion-gpbvwpkxsiosplclirrluecleuxc/Build/Intermediates.noindex/GeneratedModuleMaps-iphonesimulator/Alamofire.modulemap /Users/nexteleven/Library/Developer/Xcode/DerivedData/SeemiSpiritualCompanion-gpbvwpkxsiosplclirrluecleuxc/Build/Intermediates.noindex/Alamofire.build/Debug-iphonesimulator/Alamofire.build/Alamofire.modulemap (in target 'Alamofire' from project 'Alamofire')
    cd /Users/nexteleven/Library/Developer/Xcode/DerivedData/SeemiSpiritualCompanion-gpbvwpkxsiosplclirrluecleuxc/SourcePackages/checkouts/Alamofire
    builtin-copy -exclude .DS_Store -exclude CVS -exclude .svn -exclude .git -exclude .hg -resolve-src-symlinks /Users/nexteleven/Library/Developer/Xcode/DerivedData/SeemiSpiritualCompanion-gpbvwpkxsiosplclirrluecleuxc/Build/Intermediates.noindex/Alamofire.build/Debug-iphonesimulator/Alamofire.build/Alamofire.modulemap /Users/nexteleven/Library/Developer/Xcode/DerivedData/SeemiSpiritualCompanion-gpbvwpkxsiosplclirrluecleuxc/Build/Intermediates.noindex/GeneratedModuleMaps-iphonesimulator

ProcessInfoPlistFile /Users/nexteleven/Library/Developer/Xcode/DerivedData/SeemiSpiritualCompanion-gpbvwpkxsiosplclirrluecleuxc/Build/Products/Debug-iphonesimulator/Alamofire_Alamofire.bundle/Info.plist /Users/nexteleven/Library/Developer/Xcode/DerivedData/SeemiSpiritualCompanion-gpbvwpkxsiosplclirrluecleuxc/Build/Intermediates.noindex/Alamofire.build/Debug-iphonesimulator/Alamofire_Alamofire.build/empty-Alamofire_Alamofire.plist (in target 'Alamofire_Alamofire' from project 'Alamofire')
    cd /Users/nexteleven/Library/Developer/Xcode/DerivedData/SeemiSpiritualCompanion-gpbvwpkxsiosplclirrluecleuxc/SourcePackages/checkouts/Alamofire
    builtin-infoPlistUtility /Users/nexteleven/Library/Developer/Xcode/DerivedData/SeemiSpiritualCompanion-gpbvwpkxsiosplclirrluecleuxc/Build/Intermediates.noindex/Alamofire.build/Debug-iphonesimulator/Alamofire_Alamofire.build/empty-Alamofire_Alamofire.plist -producttype com.apple.product-type.bundle -expandbuildsettings -format binary -platform iphonesimulator -o /Users/nexteleven/Library/Developer/Xcode/DerivedData/SeemiSpiritualCompanion-gpbvwpkxsiosplclirrluecleuxc/Build/Products/Debug-iphonesimulator/Alamofire_Alamofire.bundle/Info.plist

CpResource /Users/nexteleven/Library/Developer/Xcode/DerivedData/SeemiSpiritualCompanion-gpbvwpkxsiosplclirrluecleuxc/Build/Products/Debug-iphonesimulator/Alamofire_Alamofire.bundle/PrivacyInfo.xcprivacy /Users/nexteleven/Library/Developer/Xcode/DerivedData/SeemiSpiritualCompanion-gpbvwpkxsiosplclirrluecleuxc/SourcePackages/checkouts/Alamofire/Source/PrivacyInfo.xcprivacy (in target 'Alamofire_Alamofire' from project 'Alamofire')
    cd /Users/nexteleven/Library/Developer/Xcode/DerivedData/SeemiSpiritualCompanion-gpbvwpkxsiosplclirrluecleuxc/SourcePackages/checkouts/Alamofire
    builtin-copy -exclude .DS_Store -exclude CVS -exclude .svn -exclude .git -exclude .hg -resolve-src-symlinks /Users/nexteleven/Library/Developer/Xcode/DerivedData/SeemiSpiritualCompanion-gpbvwpkxsiosplclirrluecleuxc/SourcePackages/checkouts/Alamofire/Source/PrivacyInfo.xcprivacy /Users/nexteleven/Library/Developer/Xcode/DerivedData/SeemiSpiritualCompanion-gpbvwpkxsiosplclirrluecleuxc/Build/Products/Debug-iphonesimulator/Alamofire_Alamofire.bundle

CodeSign /Users/nexteleven/Library/Developer/Xcode/DerivedData/SeemiSpiritualCompanion-gpbvwpkxsiosplclirrluecleuxc/Build/Products/Debug-iphonesimulator/Alamofire_Alamofire.bundle (in target 'Alamofire_Alamofire' from project 'Alamofire')
    cd /Users/nexteleven/Library/Developer/Xcode/DerivedData/SeemiSpiritualCompanion-gpbvwpkxsiosplclirrluecleuxc/SourcePackages/checkouts/Alamofire
    
    Signing Identity:     "Sign to Run Locally"
    
    /usr/bin/codesign --force --sign - --timestamp\=none --generate-entitlement-der /Users/nexteleven/Library/Developer/Xcode/DerivedData/SeemiSpiritualCompanion-gpbvwpkxsiosplclirrluecleuxc/Build/Products/Debug-iphonesimulator/Alamofire_Alamofire.bundle

RegisterExecutionPolicyException /Users/nexteleven/Library/Developer/Xcode/DerivedData/SeemiSpiritualCompanion-gpbvwpkxsiosplclirrluecleuxc/Build/Products/Debug-iphonesimulator/Alamofire_Alamofire.bundle (in target 'Alamofire_Alamofire' from project 'Alamofire')
    cd /Users/nexteleven/Library/Developer/Xcode/DerivedData/SeemiSpiritualCompanion-gpbvwpkxsiosplclirrluecleuxc/SourcePackages/checkouts/Alamofire
    builtin-RegisterExecutionPolicyException /Users/nexteleven/Library/Developer/Xcode/DerivedData/SeemiSpiritualCompanion-gpbvwpkxsiosplclirrluecleuxc/Build/Products/Debug-iphonesimulator/Alamofire_Alamofire.bundle

Touch /Users/nexteleven/Library/Developer/Xcode/DerivedData/SeemiSpiritualCompanion-gpbvwpkxsiosplclirrluecleuxc/Build/Products/Debug-iphonesimulator/Alamofire_Alamofire.bundle (in target 'Alamofire_Alamofire' from project 'Alamofire')
    cd /Users/nexteleven/Library/Developer/Xcode/DerivedData/SeemiSpiritualCompanion-gpbvwpkxsiosplclirrluecleuxc/SourcePackages/checkouts/Alamofire
    /usr/bin/touch -c /Users/nexteleven/Library/Developer/Xcode/DerivedData/SeemiSpiritualCompanion-gpbvwpkxsiosplclirrluecleuxc/Build/Products/Debug-iphonesimulator/Alamofire_Alamofire.bundle

SwiftDriver Alamofire normal arm64 com.apple.xcode.tools.swift.compiler (in target 'Alamofire' from project 'Alamofire')
    cd /Users/nexteleven/Seemi/Surah/SeemiSpiritualCompanion.xcodeproj
    builtin-SwiftDriver -- /Applications/Xcode.app/Contents/Developer/Toolchains/XcodeDefault.xctoolchain/usr/bin/swiftc -module-name Alamofire -Onone -enforce-exclusivity\=checked @/Users/nexteleven/Library/Developer/Xcode/DerivedData/SeemiSpiritualCompanion-gpbvwpkxsiosplclirrluecleuxc/Build/Intermediates.noindex/Alamofire.build/Debug-iphonesimulator/Alamofire.build/Objects-normal/arm64/Alamofire.SwiftFileList -DSWIFT_PACKAGE -DDEBUG -DSWIFT_MODULE_RESOURCE_BUNDLE_AVAILABLE -DXcode -enable-upcoming-feature ExistentialAny -plugin-path /Applications/Xcode.app/Contents/Developer/Toolchains/XcodeDefault.xctoolchain/usr/lib/swift/host/plugins/testing -enable-experimental-feature DebugDescriptionMacro -sdk /Applications/Xcode.app/Contents/Developer/Platforms/iPhoneSimulator.platform/Developer/SDKs/iPhoneSimulator26.2.sdk -target arm64-apple-ios12.0-simulator -g -module-cache-path /Users/nexteleven/Library/Developer/Xcode/DerivedData/ModuleCache.noindex -Xfrontend -serialize-debugging-options -enable-testing -suppress-warnings -index-store-path /Users/nexteleven/Library/Developer/Xcode/DerivedData/SeemiSpiritualCompanion-gpbvwpkxsiosplclirrluecleuxc/Index.noindex/DataStore -Xcc -D_LIBCPP_HARDENING_MODE\=_LIBCPP_HARDENING_MODE_DEBUG -swift-version 5 -I /Users/nexteleven/Library/Developer/Xcode/DerivedData/SeemiSpiritualCompanion-gpbvwpkxsiosplclirrluecleuxc/Build/Products/Debug-iphonesimulator -Isystem /Applications/Xcode.app/Contents/Developer/Platforms/iPhoneSimulator.platform/Developer/usr/lib -F /Users/nexteleven/Library/Developer/Xcode/DerivedData/SeemiSpiritualCompanion-gpbvwpkxsiosplclirrluecleuxc/Build/Products/Debug-iphonesimulator -F /Applications/Xcode.app/Contents/Developer/Platforms/iPhoneSimulator.platform/Developer/Library/Frameworks -F /Applications/Xcode.app/Contents/Developer/Platforms/iPhoneSimulator.platform/Developer/SDKs/iPhoneSimulator26.2.sdk/Developer/Library/Frameworks -c -j8 -enable-batch-mode -incremental -Xcc -ivfsstatcache -Xcc /Users/nexteleven/Library/Developer/Xcode/DerivedData/SDKStatCaches.noindex/iphonesimulator26.2-23C53-7d00a8b37fbd7999ea79df8ebc024bf0.sdkstatcache -output-file-map /Users/nexteleven/Library/Developer/Xcode/DerivedData/SeemiSpiritualCompanion-gpbvwpkxsiosplclirrluecleuxc/Build/Intermediates.noindex/Alamofire.build/Debug-iphonesimulator/Alamofire.build/Objects-normal/arm64/Alamofire-OutputFileMap.json -use-frontend-parseable-output -save-temps -no-color-diagnostics -explicit-module-build -module-cache-path /Users/nexteleven/Library/Developer/Xcode/DerivedData/SeemiSpiritualCompanion-gpbvwpkxsiosplclirrluecleuxc/Build/Intermediates.noindex/SwiftExplicitPrecompiledModules -clang-scanner-module-cache-path /Users/nexteleven/Library/Developer/Xcode/DerivedData/ModuleCache.noindex -sdk-module-cache-path /Users/nexteleven/Library/Developer/Xcode/DerivedData/ModuleCache.noindex -serialize-diagnostics -emit-dependencies -emit-module -emit-module-path /Users/nexteleven/Library/Developer/Xcode/DerivedData/SeemiSpiritualCompanion-gpbvwpkxsiosplclirrluecleuxc/Build/Intermediates.noindex/Alamofire.build/Debug-iphonesimulator/Alamofire.build/Objects-normal/arm64/Alamofire.swiftmodule -user-module-version 5.11.0 -validate-clang-modules-once -clang-build-session-file /Users/nexteleven/Library/Developer/Xcode/DerivedData/ModuleCache.noindex/Session.modulevalidation -package-name alamofire -Xcc -I/Users/nexteleven/Library/Developer/Xcode/DerivedData/SeemiSpiritualCompanion-gpbvwpkxsiosplclirrluecleuxc/Build/Intermediates.noindex/Alamofire.build/Debug-iphonesimulator/Alamofire.build/swift-overrides.hmap -emit-const-values -Xfrontend -const-gather-protocols-file -Xfrontend /Users/nexteleven/Library/Developer/Xcode/DerivedData/SeemiSpiritualCompanion-gpbvwpkxsiosplclirrluecleuxc/Build/Intermediates.noindex/Alamofire.build/Debug-iphonesimulator/Alamofire.build/Objects-normal/arm64/Alamofire_const_extract_protocols.json -Xcc -I/Users/nexteleven/Library/Developer/Xcode/DerivedData/SeemiSpiritualCompanion-gpbvwpkxsiosplclirrluecleuxc/Build/Products/Debug-iphonesimulator/include -Xcc -I/Users/nexteleven/Library/Developer/Xcode/DerivedData/SeemiSpiritualCompanion-gpbvwpkxsiosplclirrluecleuxc/Build/Intermediates.noindex/Alamofire.build/Debug-iphonesimulator/Alamofire.build/DerivedSources-normal/arm64 -Xcc -I/Users/nexteleven/Library/Developer/Xcode/DerivedData/SeemiSpiritualCompanion-gpbvwpkxsiosplclirrluecleuxc/Build/Intermediates.noindex/Alamofire.build/Debug-iphonesimulator/Alamofire.build/DerivedSources/arm64 -Xcc -I/Users/nexteleven/Library/Developer/Xcode/DerivedData/SeemiSpiritualCompanion-gpbvwpkxsiosplclirrluecleuxc/Build/Intermediates.noindex/Alamofire.build/Debug-iphonesimulator/Alamofire.build/DerivedSources -Xcc -DSWIFT_PACKAGE -Xcc -DDEBUG\=1 -emit-objc-header -emit-objc-header-path /Users/nexteleven/Library/Developer/Xcode/DerivedData/SeemiSpiritualCompanion-gpbvwpkxsiosplclirrluecleuxc/Build/Intermediates.noindex/Alamofire.build/Debug-iphonesimulator/Alamofire.build/Objects-normal/arm64/Alamofire-Swift.h -working-directory /Users/nexteleven/Seemi/Surah/SeemiSpiritualCompanion.xcodeproj -experimental-emit-module-separately -disable-cmo

SwiftCompile normal arm64 Compiling\ URLRequest+Alamofire.swift,\ URLSessionConfiguration+Alamofire.swift,\ AlamofireExtended.swift,\ AuthenticationInterceptor.swift,\ CachedResponseHandler.swift /Users/nexteleven/Library/Developer/Xcode/DerivedData/SeemiSpiritualCompanion-gpbvwpkxsiosplclirrluecleuxc/SourcePackages/checkouts/Alamofire/Source/Extensions/URLRequest+Alamofire.swift /Users/nexteleven/Library/Developer/Xcode/DerivedData/SeemiSpiritualCompanion-gpbvwpkxsiosplclirrluecleuxc/SourcePackages/checkouts/Alamofire/Source/Extensions/URLSessionConfiguration+Alamofire.swift /Users/nexteleven/Library/Developer/Xcode/DerivedData/SeemiSpiritualCompanion-gpbvwpkxsiosplclirrluecleuxc/SourcePackages/checkouts/Alamofire/Source/Features/AlamofireExtended.swift /Users/nexteleven/Library/Developer/Xcode/DerivedData/SeemiSpiritualCompanion-gpbvwpkxsiosplclirrluecleuxc/SourcePackages/checkouts/Alamofire/Source/Features/AuthenticationInterceptor.swift /Users/nexteleven/Library/Developer/Xcode/DerivedData/SeemiSpiritualCompanion-gpbvwpkxsiosplclirrluecleuxc/SourcePackages/checkouts/Alamofire/Source/Features/CachedResponseHandler.swift (in target 'Alamofire' from project 'Alamofire')

SwiftCompile normal arm64 /Users/nexteleven/Library/Developer/Xcode/DerivedData/SeemiSpiritualCompanion-gpbvwpkxsiosplclirrluecleuxc/SourcePackages/checkouts/Alamofire/Source/Extensions/URLRequest+Alamofire.swift (in target 'Alamofire' from project 'Alamofire')
    cd /Users/nexteleven/Seemi/Surah/SeemiSpiritualCompanion.xcodeproj
    

SwiftCompile normal arm64 /Users/nexteleven/Library/Developer/Xcode/DerivedData/SeemiSpiritualCompanion-gpbvwpkxsiosplclirrluecleuxc/SourcePackages/checkouts/Alamofire/Source/Extensions/URLSessionConfiguration+Alamofire.swift (in target 'Alamofire' from project 'Alamofire')
    cd /Users/nexteleven/Seemi/Surah/SeemiSpiritualCompanion.xcodeproj
    

SwiftCompile normal arm64 /Users/nexteleven/Library/Developer/Xcode/DerivedData/SeemiSpiritualCompanion-gpbvwpkxsiosplclirrluecleuxc/SourcePackages/checkouts/Alamofire/Source/Features/AlamofireExtended.swift (in target 'Alamofire' from project 'Alamofire')
    cd /Users/nexteleven/Seemi/Surah/SeemiSpiritualCompanion.xcodeproj
    

SwiftCompile normal arm64 /Users/nexteleven/Library/Developer/Xcode/DerivedData/SeemiSpiritualCompanion-gpbvwpkxsiosplclirrluecleuxc/SourcePackages/checkouts/Alamofire/Source/Features/AuthenticationInterceptor.swift (in target 'Alamofire' from project 'Alamofire')
    cd /Users/nexteleven/Seemi/Surah/SeemiSpiritualCompanion.xcodeproj
    

SwiftCompile normal arm64 /Users/nexteleven/Library/Developer/Xcode/DerivedData/SeemiSpiritualCompanion-gpbvwpkxsiosplclirrluecleuxc/SourcePackages/checkouts/Alamofire/Source/Features/CachedResponseHandler.swift (in target 'Alamofire' from project 'Alamofire')
    cd /Users/nexteleven/Seemi/Surah/SeemiSpiritualCompanion.xcodeproj
    

SwiftCompile normal arm64 Compiling\ ResponseSerialization.swift,\ RetryPolicy.swift,\ ServerTrustEvaluation.swift,\ URLEncodedFormEncoder.swift,\ Validation.swift /Users/nexteleven/Library/Developer/Xcode/DerivedData/SeemiSpiritualCompanion-gpbvwpkxsiosplclirrluecleuxc/SourcePackages/checkouts/Alamofire/Source/Features/ResponseSerialization.swift /Users/nexteleven/Library/Developer/Xcode/DerivedData/SeemiSpiritualCompanion-gpbvwpkxsiosplclirrluecleuxc/SourcePackages/checkouts/Alamofire/Source/Features/RetryPolicy.swift /Users/nexteleven/Library/Developer/Xcode/DerivedData/SeemiSpiritualCompanion-gpbvwpkxsiosplclirrluecleuxc/SourcePackages/checkouts/Alamofire/Source/Features/ServerTrustEvaluation.swift /Users/nexteleven/Library/Developer/Xcode/DerivedData/SeemiSpiritualCompanion-gpbvwpkxsiosplclirrluecleuxc/SourcePackages/checkouts/Alamofire/Source/Features/URLEncodedFormEncoder.swift /Users/nexteleven/Library/Developer/Xcode/DerivedData/SeemiSpiritualCompanion-gpbvwpkxsiosplclirrluecleuxc/SourcePackages/checkouts/Alamofire/Source/Features/Validation.swift (in target 'Alamofire' from project 'Alamofire')
SwiftCompile normal arm64 /Users/nexteleven/Library/Developer/Xcode/DerivedData/SeemiSpiritualCompanion-gpbvwpkxsiosplclirrluecleuxc/SourcePackages/checkouts/Alamofire/Source/Features/ResponseSerialization.swift (in target 'Alamofire' from project 'Alamofire')
    cd /Users/nexteleven/Seemi/Surah/SeemiSpiritualCompanion.xcodeproj
    

SwiftCompile normal arm64 /Users/nexteleven/Library/Developer/Xcode/DerivedData/SeemiSpiritualCompanion-gpbvwpkxsiosplclirrluecleuxc/SourcePackages/checkouts/Alamofire/Source/Features/RetryPolicy.swift (in target 'Alamofire' from project 'Alamofire')
    cd /Users/nexteleven/Seemi/Surah/SeemiSpiritualCompanion.xcodeproj
    

SwiftCompile normal arm64 /Users/nexteleven/Library/Developer/Xcode/DerivedData/SeemiSpiritualCompanion-gpbvwpkxsiosplclirrluecleuxc/SourcePackages/checkouts/Alamofire/Source/Features/ServerTrustEvaluation.swift (in target 'Alamofire' from project 'Alamofire')
    cd /Users/nexteleven/Seemi/Surah/SeemiSpiritualCompanion.xcodeproj
    

SwiftCompile normal arm64 /Users/nexteleven/Library/Developer/Xcode/DerivedData/SeemiSpiritualCompanion-gpbvwpkxsiosplclirrluecleuxc/SourcePackages/checkouts/Alamofire/Source/Features/URLEncodedFormEncoder.swift (in target 'Alamofire' from project 'Alamofire')
    cd /Users/nexteleven/Seemi/Surah/SeemiSpiritualCompanion.xcodeproj
    

SwiftCompile normal arm64 /Users/nexteleven/Library/Developer/Xcode/DerivedData/SeemiSpiritualCompanion-gpbvwpkxsiosplclirrluecleuxc/SourcePackages/checkouts/Alamofire/Source/Features/Validation.swift (in target 'Alamofire' from project 'Alamofire')
    cd /Users/nexteleven/Seemi/Surah/SeemiSpiritualCompanion.xcodeproj
    

SwiftCompile normal arm64 Compiling\ UploadRequest.swift,\ WebSocketRequest.swift,\ DispatchQueue+Alamofire.swift,\ OperationQueue+Alamofire.swift,\ Result+Alamofire.swift,\ StringEncoding+Alamofire.swift /Users/nexteleven/Library/Developer/Xcode/DerivedData/SeemiSpiritualCompanion-gpbvwpkxsiosplclirrluecleuxc/SourcePackages/checkouts/Alamofire/Source/Core/UploadRequest.swift /Users/nexteleven/Library/Developer/Xcode/DerivedData/SeemiSpiritualCompanion-gpbvwpkxsiosplclirrluecleuxc/SourcePackages/checkouts/Alamofire/Source/Core/WebSocketRequest.swift /Users/nexteleven/Library/Developer/Xcode/DerivedData/SeemiSpiritualCompanion-gpbvwpkxsiosplclirrluecleuxc/SourcePackages/checkouts/Alamofire/Source/Extensions/DispatchQueue+Alamofire.swift /Users/nexteleven/Library/Developer/Xcode/DerivedData/SeemiSpiritualCompanion-gpbvwpkxsiosplclirrluecleuxc/SourcePackages/checkouts/Alamofire/Source/Extensions/OperationQueue+Alamofire.swift /Users/nexteleven/Library/Developer/Xcode/DerivedData/SeemiSpiritualCompanion-gpbvwpkxsiosplclirrluecleuxc/SourcePackages/checkouts/Alamofire/Source/Extensions/Result+Alamofire.swift /Users/nexteleven/Library/Developer/Xcode/DerivedData/SeemiSpiritualCompanion-gpbvwpkxsiosplclirrluecleuxc/SourcePackages/checkouts/Alamofire/Source/Extensions/StringEncoding+Alamofire.swift (in target 'Alamofire' from project 'Alamofire')

SwiftCompile normal arm64 /Users/nexteleven/Library/Developer/Xcode/DerivedData/SeemiSpiritualCompanion-gpbvwpkxsiosplclirrluecleuxc/SourcePackages/checkouts/Alamofire/Source/Core/UploadRequest.swift (in target 'Alamofire' from project 'Alamofire')
    cd /Users/nexteleven/Seemi/Surah/SeemiSpiritualCompanion.xcodeproj
    

SwiftCompile normal arm64 /Users/nexteleven/Library/Developer/Xcode/DerivedData/SeemiSpiritualCompanion-gpbvwpkxsiosplclirrluecleuxc/SourcePackages/checkouts/Alamofire/Source/Core/WebSocketRequest.swift (in target 'Alamofire' from project 'Alamofire')
    cd /Users/nexteleven/Seemi/Surah/SeemiSpiritualCompanion.xcodeproj
    

SwiftCompile normal arm64 /Users/nexteleven/Library/Developer/Xcode/DerivedData/SeemiSpiritualCompanion-gpbvwpkxsiosplclirrluecleuxc/SourcePackages/checkouts/Alamofire/Source/Extensions/DispatchQueue+Alamofire.swift (in target 'Alamofire' from project 'Alamofire')
    cd /Users/nexteleven/Seemi/Surah/SeemiSpiritualCompanion.xcodeproj
    

SwiftCompile normal arm64 /Users/nexteleven/Library/Developer/Xcode/DerivedData/SeemiSpiritualCompanion-gpbvwpkxsiosplclirrluecleuxc/SourcePackages/checkouts/Alamofire/Source/Extensions/OperationQueue+Alamofire.swift (in target 'Alamofire' from project 'Alamofire')
    cd /Users/nexteleven/Seemi/Surah/SeemiSpiritualCompanion.xcodeproj
    

SwiftCompile normal arm64 /Users/nexteleven/Library/Developer/Xcode/DerivedData/SeemiSpiritualCompanion-gpbvwpkxsiosplclirrluecleuxc/SourcePackages/checkouts/Alamofire/Source/Extensions/Result+Alamofire.swift (in target 'Alamofire' from project 'Alamofire')
    cd /Users/nexteleven/Seemi/Surah/SeemiSpiritualCompanion.xcodeproj
    

SwiftCompile normal arm64 /Users/nexteleven/Library/Developer/Xcode/DerivedData/SeemiSpiritualCompanion-gpbvwpkxsiosplclirrluecleuxc/SourcePackages/checkouts/Alamofire/Source/Extensions/StringEncoding+Alamofire.swift (in target 'Alamofire' from project 'Alamofire')
    cd /Users/nexteleven/Seemi/Surah/SeemiSpiritualCompanion.xcodeproj
    

SwiftEmitModule normal arm64 Emitting\ module\ for\ Alamofire (in target 'Alamofire' from project 'Alamofire')

EmitSwiftModule normal arm64 (in target 'Alamofire' from project 'Alamofire')
    cd /Users/nexteleven/Seemi/Surah/SeemiSpiritualCompanion.xcodeproj
    

SwiftCompile normal arm64 Compiling\ NetworkReachabilityManager.swift,\ OfflineRetrier.swift,\ RedirectHandler.swift,\ RequestCompression.swift,\ RequestInterceptor.swift /Users/nexteleven/Library/Developer/Xcode/DerivedData/SeemiSpiritualCompanion-gpbvwpkxsiosplclirrluecleuxc/SourcePackages/checkouts/Alamofire/Source/Features/NetworkReachabilityManager.swift /Users/nexteleven/Library/Developer/Xcode/DerivedData/SeemiSpiritualCompanion-gpbvwpkxsiosplclirrluecleuxc/SourcePackages/checkouts/Alamofire/Source/Features/OfflineRetrier.swift /Users/nexteleven/Library/Developer/Xcode/DerivedData/SeemiSpiritualCompanion-gpbvwpkxsiosplclirrluecleuxc/SourcePackages/checkouts/Alamofire/Source/Features/RedirectHandler.swift /Users/nexteleven/Library/Developer/Xcode/DerivedData/SeemiSpiritualCompanion-gpbvwpkxsiosplclirrluecleuxc/SourcePackages/checkouts/Alamofire/Source/Features/RequestCompression.swift /Users/nexteleven/Library/Developer/Xcode/DerivedData/SeemiSpiritualCompanion-gpbvwpkxsiosplclirrluecleuxc/SourcePackages/checkouts/Alamofire/Source/Features/RequestInterceptor.swift (in target 'Alamofire' from project 'Alamofire')

SwiftCompile normal arm64 /Users/nexteleven/Library/Developer/Xcode/DerivedData/SeemiSpiritualCompanion-gpbvwpkxsiosplclirrluecleuxc/SourcePackages/checkouts/Alamofire/Source/Features/NetworkReachabilityManager.swift (in target 'Alamofire' from project 'Alamofire')
    cd /Users/nexteleven/Seemi/Surah/SeemiSpiritualCompanion.xcodeproj
    

SwiftCompile normal arm64 /Users/nexteleven/Library/Developer/Xcode/DerivedData/SeemiSpiritualCompanion-gpbvwpkxsiosplclirrluecleuxc/SourcePackages/checkouts/Alamofire/Source/Features/OfflineRetrier.swift (in target 'Alamofire' from project 'Alamofire')
    cd /Users/nexteleven/Seemi/Surah/SeemiSpiritualCompanion.xcodeproj
    

SwiftCompile normal arm64 /Users/nexteleven/Library/Developer/Xcode/DerivedData/SeemiSpiritualCompanion-gpbvwpkxsiosplclirrluecleuxc/SourcePackages/checkouts/Alamofire/Source/Features/RedirectHandler.swift (in target 'Alamofire' from project 'Alamofire')
    cd /Users/nexteleven/Seemi/Surah/SeemiSpiritualCompanion.xcodeproj
    

SwiftCompile normal arm64 /Users/nexteleven/Library/Developer/Xcode/DerivedData/SeemiSpiritualCompanion-gpbvwpkxsiosplclirrluecleuxc/SourcePackages/checkouts/Alamofire/Source/Features/RequestCompression.swift (in target 'Alamofire' from project 'Alamofire')
    cd /Users/nexteleven/Seemi/Surah/SeemiSpiritualCompanion.xcodeproj
    

SwiftCompile normal arm64 /Users/nexteleven/Library/Developer/Xcode/DerivedData/SeemiSpiritualCompanion-gpbvwpkxsiosplclirrluecleuxc/SourcePackages/checkouts/Alamofire/Source/Features/RequestInterceptor.swift (in target 'Alamofire' from project 'Alamofire')
    cd /Users/nexteleven/Seemi/Surah/SeemiSpiritualCompanion.xcodeproj
    

SwiftCompile normal arm64 Compiling\ Request.swift,\ RequestTaskMap.swift,\ Response.swift,\ Session.swift,\ SessionDelegate.swift,\ URLConvertible+URLRequestConvertible.swift /Users/nexteleven/Library/Developer/Xcode/DerivedData/SeemiSpiritualCompanion-gpbvwpkxsiosplclirrluecleuxc/SourcePackages/checkouts/Alamofire/Source/Core/Request.swift /Users/nexteleven/Library/Developer/Xcode/DerivedData/SeemiSpiritualCompanion-gpbvwpkxsiosplclirrluecleuxc/SourcePackages/checkouts/Alamofire/Source/Core/RequestTaskMap.swift /Users/nexteleven/Library/Developer/Xcode/DerivedData/SeemiSpiritualCompanion-gpbvwpkxsiosplclirrluecleuxc/SourcePackages/checkouts/Alamofire/Source/Core/Response.swift /Users/nexteleven/Library/Developer/Xcode/DerivedData/SeemiSpiritualCompanion-gpbvwpkxsiosplclirrluecleuxc/SourcePackages/checkouts/Alamofire/Source/Core/Session.swift /Users/nexteleven/Library/Developer/Xcode/DerivedData/SeemiSpiritualCompanion-gpbvwpkxsiosplclirrluecleuxc/SourcePackages/checkouts/Alamofire/Source/Core/SessionDelegate.swift /Users/nexteleven/Library/Developer/Xcode/DerivedData/SeemiSpiritualCompanion-gpbvwpkxsiosplclirrluecleuxc/SourcePackages/checkouts/Alamofire/Source/Core/URLConvertible+URLRequestConvertible.swift (in target 'Alamofire' from project 'Alamofire')
SwiftCompile normal arm64 /Users/nexteleven/Library/Developer/Xcode/DerivedData/SeemiSpiritualCompanion-gpbvwpkxsiosplclirrluecleuxc/SourcePackages/checkouts/Alamofire/Source/Core/Request.swift (in target 'Alamofire' from project 'Alamofire')
    cd /Users/nexteleven/Seemi/Surah/SeemiSpiritualCompanion.xcodeproj
    

SwiftCompile normal arm64 /Users/nexteleven/Library/Developer/Xcode/DerivedData/SeemiSpiritualCompanion-gpbvwpkxsiosplclirrluecleuxc/SourcePackages/checkouts/Alamofire/Source/Core/RequestTaskMap.swift (in target 'Alamofire' from project 'Alamofire')
    cd /Users/nexteleven/Seemi/Surah/SeemiSpiritualCompanion.xcodeproj
    

SwiftCompile normal arm64 /Users/nexteleven/Library/Developer/Xcode/DerivedData/SeemiSpiritualCompanion-gpbvwpkxsiosplclirrluecleuxc/SourcePackages/checkouts/Alamofire/Source/Core/Response.swift (in target 'Alamofire' from project 'Alamofire')
    cd /Users/nexteleven/Seemi/Surah/SeemiSpiritualCompanion.xcodeproj
    

SwiftCompile normal arm64 /Users/nexteleven/Library/Developer/Xcode/DerivedData/SeemiSpiritualCompanion-gpbvwpkxsiosplclirrluecleuxc/SourcePackages/checkouts/Alamofire/Source/Core/Session.swift (in target 'Alamofire' from project 'Alamofire')
    cd /Users/nexteleven/Seemi/Surah/SeemiSpiritualCompanion.xcodeproj
    

SwiftCompile normal arm64 /Users/nexteleven/Library/Developer/Xcode/DerivedData/SeemiSpiritualCompanion-gpbvwpkxsiosplclirrluecleuxc/SourcePackages/checkouts/Alamofire/Source/Core/SessionDelegate.swift (in target 'Alamofire' from project 'Alamofire')
    cd /Users/nexteleven/Seemi/Surah/SeemiSpiritualCompanion.xcodeproj
    

SwiftCompile normal arm64 /Users/nexteleven/Library/Developer/Xcode/DerivedData/SeemiSpiritualCompanion-gpbvwpkxsiosplclirrluecleuxc/SourcePackages/checkouts/Alamofire/Source/Core/URLConvertible+URLRequestConvertible.swift (in target 'Alamofire' from project 'Alamofire')
    cd /Users/nexteleven/Seemi/Surah/SeemiSpiritualCompanion.xcodeproj
    

SwiftCompile normal arm64 Compiling\ HTTPHeaders.swift,\ HTTPMethod.swift,\ Notifications.swift,\ ParameterEncoder.swift,\ ParameterEncoding.swift,\ Protected.swift /Users/nexteleven/Library/Developer/Xcode/DerivedData/SeemiSpiritualCompanion-gpbvwpkxsiosplclirrluecleuxc/SourcePackages/checkouts/Alamofire/Source/Core/HTTPHeaders.swift /Users/nexteleven/Library/Developer/Xcode/DerivedData/SeemiSpiritualCompanion-gpbvwpkxsiosplclirrluecleuxc/SourcePackages/checkouts/Alamofire/Source/Core/HTTPMethod.swift /Users/nexteleven/Library/Developer/Xcode/DerivedData/SeemiSpiritualCompanion-gpbvwpkxsiosplclirrluecleuxc/SourcePackages/checkouts/Alamofire/Source/Core/Notifications.swift /Users/nexteleven/Library/Developer/Xcode/DerivedData/SeemiSpiritualCompanion-gpbvwpkxsiosplclirrluecleuxc/SourcePackages/checkouts/Alamofire/Source/Core/ParameterEncoder.swift /Users/nexteleven/Library/Developer/Xcode/DerivedData/SeemiSpiritualCompanion-gpbvwpkxsiosplclirrluecleuxc/SourcePackages/checkouts/Alamofire/Source/Core/ParameterEncoding.swift /Users/nexteleven/Library/Developer/Xcode/DerivedData/SeemiSpiritualCompanion-gpbvwpkxsiosplclirrluecleuxc/SourcePackages/checkouts/Alamofire/Source/Core/Protected.swift (in target 'Alamofire' from project 'Alamofire')

SwiftCompile normal arm64 /Users/nexteleven/Library/Developer/Xcode/DerivedData/SeemiSpiritualCompanion-gpbvwpkxsiosplclirrluecleuxc/SourcePackages/checkouts/Alamofire/Source/Core/HTTPHeaders.swift (in target 'Alamofire' from project 'Alamofire')
    cd /Users/nexteleven/Seemi/Surah/SeemiSpiritualCompanion.xcodeproj
    

SwiftCompile normal arm64 /Users/nexteleven/Library/Developer/Xcode/DerivedData/SeemiSpiritualCompanion-gpbvwpkxsiosplclirrluecleuxc/SourcePackages/checkouts/Alamofire/Source/Core/HTTPMethod.swift (in target 'Alamofire' from project 'Alamofire')
    cd /Users/nexteleven/Seemi/Surah/SeemiSpiritualCompanion.xcodeproj
    

SwiftCompile normal arm64 /Users/nexteleven/Library/Developer/Xcode/DerivedData/SeemiSpiritualCompanion-gpbvwpkxsiosplclirrluecleuxc/SourcePackages/checkouts/Alamofire/Source/Core/Notifications.swift (in target 'Alamofire' from project 'Alamofire')
    cd /Users/nexteleven/Seemi/Surah/SeemiSpiritualCompanion.xcodeproj
    

SwiftCompile normal arm64 /Users/nexteleven/Library/Developer/Xcode/DerivedData/SeemiSpiritualCompanion-gpbvwpkxsiosplclirrluecleuxc/SourcePackages/checkouts/Alamofire/Source/Core/ParameterEncoder.swift (in target 'Alamofire' from project 'Alamofire')
    cd /Users/nexteleven/Seemi/Surah/SeemiSpiritualCompanion.xcodeproj
    

SwiftCompile normal arm64 /Users/nexteleven/Library/Developer/Xcode/DerivedData/SeemiSpiritualCompanion-gpbvwpkxsiosplclirrluecleuxc/SourcePackages/checkouts/Alamofire/Source/Core/ParameterEncoding.swift (in target 'Alamofire' from project 'Alamofire')
    cd /Users/nexteleven/Seemi/Surah/SeemiSpiritualCompanion.xcodeproj
    

SwiftCompile normal arm64 /Users/nexteleven/Library/Developer/Xcode/DerivedData/SeemiSpiritualCompanion-gpbvwpkxsiosplclirrluecleuxc/SourcePackages/checkouts/Alamofire/Source/Core/Protected.swift (in target 'Alamofire' from project 'Alamofire')
    cd /Users/nexteleven/Seemi/Surah/SeemiSpiritualCompanion.xcodeproj
    

SwiftCompile normal arm64 Compiling\ Combine.swift,\ Concurrency.swift,\ EventMonitor.swift,\ MultipartFormData.swift,\ MultipartUpload.swift /Users/nexteleven/Library/Developer/Xcode/DerivedData/SeemiSpiritualCompanion-gpbvwpkxsiosplclirrluecleuxc/SourcePackages/checkouts/Alamofire/Source/Features/Combine.swift /Users/nexteleven/Library/Developer/Xcode/DerivedData/SeemiSpiritualCompanion-gpbvwpkxsiosplclirrluecleuxc/SourcePackages/checkouts/Alamofire/Source/Features/Concurrency.swift /Users/nexteleven/Library/Developer/Xcode/DerivedData/SeemiSpiritualCompanion-gpbvwpkxsiosplclirrluecleuxc/SourcePackages/checkouts/Alamofire/Source/Features/EventMonitor.swift /Users/nexteleven/Library/Developer/Xcode/DerivedData/SeemiSpiritualCompanion-gpbvwpkxsiosplclirrluecleuxc/SourcePackages/checkouts/Alamofire/Source/Features/MultipartFormData.swift /Users/nexteleven/Library/Developer/Xcode/DerivedData/SeemiSpiritualCompanion-gpbvwpkxsiosplclirrluecleuxc/SourcePackages/checkouts/Alamofire/Source/Features/MultipartUpload.swift (in target 'Alamofire' from project 'Alamofire')

SwiftCompile normal arm64 /Users/nexteleven/Library/Developer/Xcode/DerivedData/SeemiSpiritualCompanion-gpbvwpkxsiosplclirrluecleuxc/SourcePackages/checkouts/Alamofire/Source/Features/Combine.swift (in target 'Alamofire' from project 'Alamofire')
    cd /Users/nexteleven/Seemi/Surah/SeemiSpiritualCompanion.xcodeproj
    

SwiftCompile normal arm64 /Users/nexteleven/Library/Developer/Xcode/DerivedData/SeemiSpiritualCompanion-gpbvwpkxsiosplclirrluecleuxc/SourcePackages/checkouts/Alamofire/Source/Features/Concurrency.swift (in target 'Alamofire' from project 'Alamofire')
    cd /Users/nexteleven/Seemi/Surah/SeemiSpiritualCompanion.xcodeproj
    

SwiftCompile normal arm64 /Users/nexteleven/Library/Developer/Xcode/DerivedData/SeemiSpiritualCompanion-gpbvwpkxsiosplclirrluecleuxc/SourcePackages/checkouts/Alamofire/Source/Features/EventMonitor.swift (in target 'Alamofire' from project 'Alamofire')
    cd /Users/nexteleven/Seemi/Surah/SeemiSpiritualCompanion.xcodeproj
    

SwiftCompile normal arm64 /Users/nexteleven/Library/Developer/Xcode/DerivedData/SeemiSpiritualCompanion-gpbvwpkxsiosplclirrluecleuxc/SourcePackages/checkouts/Alamofire/Source/Features/MultipartFormData.swift (in target 'Alamofire' from project 'Alamofire')
    cd /Users/nexteleven/Seemi/Surah/SeemiSpiritualCompanion.xcodeproj
    

SwiftCompile normal arm64 /Users/nexteleven/Library/Developer/Xcode/DerivedData/SeemiSpiritualCompanion-gpbvwpkxsiosplclirrluecleuxc/SourcePackages/checkouts/Alamofire/Source/Features/MultipartUpload.swift (in target 'Alamofire' from project 'Alamofire')
    cd /Users/nexteleven/Seemi/Surah/SeemiSpiritualCompanion.xcodeproj
    

SwiftCompile normal arm64 Compiling\ resource_bundle_accessor.swift,\ Alamofire.swift,\ AFError.swift,\ DataRequest.swift,\ DataStreamRequest.swift,\ DownloadRequest.swift /Users/nexteleven/Library/Developer/Xcode/DerivedData/SeemiSpiritualCompanion-gpbvwpkxsiosplclirrluecleuxc/Build/Intermediates.noindex/Alamofire.build/Debug-iphonesimulator/Alamofire.build/DerivedSources/resource_bundle_accessor.swift /Users/nexteleven/Library/Developer/Xcode/DerivedData/SeemiSpiritualCompanion-gpbvwpkxsiosplclirrluecleuxc/SourcePackages/checkouts/Alamofire/Source/Alamofire.swift /Users/nexteleven/Library/Developer/Xcode/DerivedData/SeemiSpiritualCompanion-gpbvwpkxsiosplclirrluecleuxc/SourcePackages/checkouts/Alamofire/Source/Core/AFError.swift /Users/nexteleven/Library/Developer/Xcode/DerivedData/SeemiSpiritualCompanion-gpbvwpkxsiosplclirrluecleuxc/SourcePackages/checkouts/Alamofire/Source/Core/DataRequest.swift /Users/nexteleven/Library/Developer/Xcode/DerivedData/SeemiSpiritualCompanion-gpbvwpkxsiosplclirrluecleuxc/SourcePackages/checkouts/Alamofire/Source/Core/DataStreamRequest.swift /Users/nexteleven/Library/Developer/Xcode/DerivedData/SeemiSpiritualCompanion-gpbvwpkxsiosplclirrluecleuxc/SourcePackages/checkouts/Alamofire/Source/Core/DownloadRequest.swift (in target 'Alamofire' from project 'Alamofire')
SwiftCompile normal arm64 /Users/nexteleven/Library/Developer/Xcode/DerivedData/SeemiSpiritualCompanion-gpbvwpkxsiosplclirrluecleuxc/Build/Intermediates.noindex/Alamofire.build/Debug-iphonesimulator/Alamofire.build/DerivedSources/resource_bundle_accessor.swift (in target 'Alamofire' from project 'Alamofire')
    cd /Users/nexteleven/Seemi/Surah/SeemiSpiritualCompanion.xcodeproj
    

SwiftCompile normal arm64 /Users/nexteleven/Library/Developer/Xcode/DerivedData/SeemiSpiritualCompanion-gpbvwpkxsiosplclirrluecleuxc/SourcePackages/checkouts/Alamofire/Source/Alamofire.swift (in target 'Alamofire' from project 'Alamofire')
    cd /Users/nexteleven/Seemi/Surah/SeemiSpiritualCompanion.xcodeproj
    

SwiftCompile normal arm64 /Users/nexteleven/Library/Developer/Xcode/DerivedData/SeemiSpiritualCompanion-gpbvwpkxsiosplclirrluecleuxc/SourcePackages/checkouts/Alamofire/Source/Core/AFError.swift (in target 'Alamofire' from project 'Alamofire')
    cd /Users/nexteleven/Seemi/Surah/SeemiSpiritualCompanion.xcodeproj
    

SwiftCompile normal arm64 /Users/nexteleven/Library/Developer/Xcode/DerivedData/SeemiSpiritualCompanion-gpbvwpkxsiosplclirrluecleuxc/SourcePackages/checkouts/Alamofire/Source/Core/DataRequest.swift (in target 'Alamofire' from project 'Alamofire')
    cd /Users/nexteleven/Seemi/Surah/SeemiSpiritualCompanion.xcodeproj
    

SwiftCompile normal arm64 /Users/nexteleven/Library/Developer/Xcode/DerivedData/SeemiSpiritualCompanion-gpbvwpkxsiosplclirrluecleuxc/SourcePackages/checkouts/Alamofire/Source/Core/DataStreamRequest.swift (in target 'Alamofire' from project 'Alamofire')
    cd /Users/nexteleven/Seemi/Surah/SeemiSpiritualCompanion.xcodeproj
    

SwiftCompile normal arm64 /Users/nexteleven/Library/Developer/Xcode/DerivedData/SeemiSpiritualCompanion-gpbvwpkxsiosplclirrluecleuxc/SourcePackages/checkouts/Alamofire/Source/Core/DownloadRequest.swift (in target 'Alamofire' from project 'Alamofire')
    cd /Users/nexteleven/Seemi/Surah/SeemiSpiritualCompanion.xcodeproj
    

SwiftDriverJobDiscovery normal arm64 Compiling URLRequest+Alamofire.swift, URLSessionConfiguration+Alamofire.swift, AlamofireExtended.swift, AuthenticationInterceptor.swift, CachedResponseHandler.swift (in target 'Alamofire' from project 'Alamofire')

SwiftDriverJobDiscovery normal arm64 Compiling NetworkReachabilityManager.swift, OfflineRetrier.swift, RedirectHandler.swift, RequestCompression.swift, RequestInterceptor.swift (in target 'Alamofire' from project 'Alamofire')

SwiftDriverJobDiscovery normal arm64 Compiling HTTPHeaders.swift, HTTPMethod.swift, Notifications.swift, ParameterEncoder.swift, ParameterEncoding.swift, Protected.swift (in target 'Alamofire' from project 'Alamofire')

SwiftDriverJobDiscovery normal arm64 Compiling UploadRequest.swift, WebSocketRequest.swift, DispatchQueue+Alamofire.swift, OperationQueue+Alamofire.swift, Result+Alamofire.swift, StringEncoding+Alamofire.swift (in target 'Alamofire' from project 'Alamofire')

SwiftDriverJobDiscovery normal arm64 Emitting module for Alamofire (in target 'Alamofire' from project 'Alamofire')

SwiftDriver\ Compilation\ Requirements Alamofire normal arm64 com.apple.xcode.tools.swift.compiler (in target 'Alamofire' from project 'Alamofire')
    cd /Users/nexteleven/Seemi/Surah/SeemiSpiritualCompanion.xcodeproj
    builtin-Swift-Compilation-Requirements -- /Applications/Xcode.app/Contents/Developer/Toolchains/XcodeDefault.xctoolchain/usr/bin/swiftc -module-name Alamofire -Onone -enforce-exclusivity\=checked @/Users/nexteleven/Library/Developer/Xcode/DerivedData/SeemiSpiritualCompanion-gpbvwpkxsiosplclirrluecleuxc/Build/Intermediates.noindex/Alamofire.build/Debug-iphonesimulator/Alamofire.build/Objects-normal/arm64/Alamofire.SwiftFileList -DSWIFT_PACKAGE -DDEBUG -DSWIFT_MODULE_RESOURCE_BUNDLE_AVAILABLE -DXcode -enable-upcoming-feature ExistentialAny -plugin-path /Applications/Xcode.app/Contents/Developer/Toolchains/XcodeDefault.xctoolchain/usr/lib/swift/host/plugins/testing -enable-experimental-feature DebugDescriptionMacro -sdk /Applications/Xcode.app/Contents/Developer/Platforms/iPhoneSimulator.platform/Developer/SDKs/iPhoneSimulator26.2.sdk -target arm64-apple-ios12.0-simulator -g -module-cache-path /Users/nexteleven/Library/Developer/Xcode/DerivedData/ModuleCache.noindex -Xfrontend -serialize-debugging-options -enable-testing -suppress-warnings -index-store-path /Users/nexteleven/Library/Developer/Xcode/DerivedData/SeemiSpiritualCompanion-gpbvwpkxsiosplclirrluecleuxc/Index.noindex/DataStore -Xcc -D_LIBCPP_HARDENING_MODE\=_LIBCPP_HARDENING_MODE_DEBUG -swift-version 5 -I /Users/nexteleven/Library/Developer/Xcode/DerivedData/SeemiSpiritualCompanion-gpbvwpkxsiosplclirrluecleuxc/Build/Products/Debug-iphonesimulator -Isystem /Applications/Xcode.app/Contents/Developer/Platforms/iPhoneSimulator.platform/Developer/usr/lib -F /Users/nexteleven/Library/Developer/Xcode/DerivedData/SeemiSpiritualCompanion-gpbvwpkxsiosplclirrluecleuxc/Build/Products/Debug-iphonesimulator -F /Applications/Xcode.app/Contents/Developer/Platforms/iPhoneSimulator.platform/Developer/Library/Frameworks -F /Applications/Xcode.app/Contents/Developer/Platforms/iPhoneSimulator.platform/Developer/SDKs/iPhoneSimulator26.2.sdk/Developer/Library/Frameworks -c -j8 -enable-batch-mode -incremental -Xcc -ivfsstatcache -Xcc /Users/nexteleven/Library/Developer/Xcode/DerivedData/SDKStatCaches.noindex/iphonesimulator26.2-23C53-7d00a8b37fbd7999ea79df8ebc024bf0.sdkstatcache -output-file-map /Users/nexteleven/Library/Developer/Xcode/DerivedData/SeemiSpiritualCompanion-gpbvwpkxsiosplclirrluecleuxc/Build/Intermediates.noindex/Alamofire.build/Debug-iphonesimulator/Alamofire.build/Objects-normal/arm64/Alamofire-OutputFileMap.json -use-frontend-parseable-output -save-temps -no-color-diagnostics -explicit-module-build -module-cache-path /Users/nexteleven/Library/Developer/Xcode/DerivedData/SeemiSpiritualCompanion-gpbvwpkxsiosplclirrluecleuxc/Build/Intermediates.noindex/SwiftExplicitPrecompiledModules -clang-scanner-module-cache-path /Users/nexteleven/Library/Developer/Xcode/DerivedData/ModuleCache.noindex -sdk-module-cache-path /Users/nexteleven/Library/Developer/Xcode/DerivedData/ModuleCache.noindex -serialize-diagnostics -emit-dependencies -emit-module -emit-module-path /Users/nexteleven/Library/Developer/Xcode/DerivedData/SeemiSpiritualCompanion-gpbvwpkxsiosplclirrluecleuxc/Build/Intermediates.noindex/Alamofire.build/Debug-iphonesimulator/Alamofire.build/Objects-normal/arm64/Alamofire.swiftmodule -user-module-version 5.11.0 -validate-clang-modules-once -clang-build-session-file /Users/nexteleven/Library/Developer/Xcode/DerivedData/ModuleCache.noindex/Session.modulevalidation -package-name alamofire -Xcc -I/Users/nexteleven/Library/Developer/Xcode/DerivedData/SeemiSpiritualCompanion-gpbvwpkxsiosplclirrluecleuxc/Build/Intermediates.noindex/Alamofire.build/Debug-iphonesimulator/Alamofire.build/swift-overrides.hmap -emit-const-values -Xfrontend -const-gather-protocols-file -Xfrontend /Users/nexteleven/Library/Developer/Xcode/DerivedData/SeemiSpiritualCompanion-gpbvwpkxsiosplclirrluecleuxc/Build/Intermediates.noindex/Alamofire.build/Debug-iphonesimulator/Alamofire.build/Objects-normal/arm64/Alamofire_const_extract_protocols.json -Xcc -I/Users/nexteleven/Library/Developer/Xcode/DerivedData/SeemiSpiritualCompanion-gpbvwpkxsiosplclirrluecleuxc/Build/Products/Debug-iphonesimulator/include -Xcc -I/Users/nexteleven/Library/Developer/Xcode/DerivedData/SeemiSpiritualCompanion-gpbvwpkxsiosplclirrluecleuxc/Build/Intermediates.noindex/Alamofire.build/Debug-iphonesimulator/Alamofire.build/DerivedSources-normal/arm64 -Xcc -I/Users/nexteleven/Library/Developer/Xcode/DerivedData/SeemiSpiritualCompanion-gpbvwpkxsiosplclirrluecleuxc/Build/Intermediates.noindex/Alamofire.build/Debug-iphonesimulator/Alamofire.build/DerivedSources/arm64 -Xcc -I/Users/nexteleven/Library/Developer/Xcode/DerivedData/SeemiSpiritualCompanion-gpbvwpkxsiosplclirrluecleuxc/Build/Intermediates.noindex/Alamofire.build/Debug-iphonesimulator/Alamofire.build/DerivedSources -Xcc -DSWIFT_PACKAGE -Xcc -DDEBUG\=1 -emit-objc-header -emit-objc-header-path /Users/nexteleven/Library/Developer/Xcode/DerivedData/SeemiSpiritualCompanion-gpbvwpkxsiosplclirrluecleuxc/Build/Intermediates.noindex/Alamofire.build/Debug-iphonesimulator/Alamofire.build/Objects-normal/arm64/Alamofire-Swift.h -working-directory /Users/nexteleven/Seemi/Surah/SeemiSpiritualCompanion.xcodeproj -experimental-emit-module-separately -disable-cmo

SwiftMergeGeneratedHeaders /Users/nexteleven/Library/Developer/Xcode/DerivedData/SeemiSpiritualCompanion-gpbvwpkxsiosplclirrluecleuxc/Build/Intermediates.noindex/GeneratedModuleMaps-iphonesimulator/Alamofire-Swift.h /Users/nexteleven/Library/Developer/Xcode/DerivedData/SeemiSpiritualCompanion-gpbvwpkxsiosplclirrluecleuxc/Build/Intermediates.noindex/Alamofire.build/Debug-iphonesimulator/Alamofire.build/Objects-normal/arm64/Alamofire-Swift.h (in target 'Alamofire' from project 'Alamofire')
    cd /Users/nexteleven/Library/Developer/Xcode/DerivedData/SeemiSpiritualCompanion-gpbvwpkxsiosplclirrluecleuxc/SourcePackages/checkouts/Alamofire
    builtin-swiftHeaderTool -arch arm64 /Users/nexteleven/Library/Developer/Xcode/DerivedData/SeemiSpiritualCompanion-gpbvwpkxsiosplclirrluecleuxc/Build/Intermediates.noindex/Alamofire.build/Debug-iphonesimulator/Alamofire.build/Objects-normal/arm64/Alamofire-Swift.h -o /Users/nexteleven/Library/Developer/Xcode/DerivedData/SeemiSpiritualCompanion-gpbvwpkxsiosplclirrluecleuxc/Build/Intermediates.noindex/GeneratedModuleMaps-iphonesimulator/Alamofire-Swift.h

Copy /Users/nexteleven/Library/Developer/Xcode/DerivedData/SeemiSpiritualCompanion-gpbvwpkxsiosplclirrluecleuxc/Build/Products/Debug-iphonesimulator/Alamofire.swiftmodule/arm64-apple-ios-simulator.swiftmodule /Users/nexteleven/Library/Developer/Xcode/DerivedData/SeemiSpiritualCompanion-gpbvwpkxsiosplclirrluecleuxc/Build/Intermediates.noindex/Alamofire.build/Debug-iphonesimulator/Alamofire.build/Objects-normal/arm64/Alamofire.swiftmodule (in target 'Alamofire' from project 'Alamofire')
    cd /Users/nexteleven/Library/Developer/Xcode/DerivedData/SeemiSpiritualCompanion-gpbvwpkxsiosplclirrluecleuxc/SourcePackages/checkouts/Alamofire
    builtin-copy -exclude .DS_Store -exclude CVS -exclude .svn -exclude .git -exclude .hg -resolve-src-symlinks -rename /Users/nexteleven/Library/Developer/Xcode/DerivedData/SeemiSpiritualCompanion-gpbvwpkxsiosplclirrluecleuxc/Build/Intermediates.noindex/Alamofire.build/Debug-iphonesimulator/Alamofire.build/Objects-normal/arm64/Alamofire.swiftmodule /Users/nexteleven/Library/Developer/Xcode/DerivedData/SeemiSpiritualCompanion-gpbvwpkxsiosplclirrluecleuxc/Build/Products/Debug-iphonesimulator/Alamofire.swiftmodule/arm64-apple-ios-simulator.swiftmodule

Copy /Users/nexteleven/Library/Developer/Xcode/DerivedData/SeemiSpiritualCompanion-gpbvwpkxsiosplclirrluecleuxc/Build/Products/Debug-iphonesimulator/Alamofire.swiftmodule/arm64-apple-ios-simulator.swiftdoc /Users/nexteleven/Library/Developer/Xcode/DerivedData/SeemiSpiritualCompanion-gpbvwpkxsiosplclirrluecleuxc/Build/Intermediates.noindex/Alamofire.build/Debug-iphonesimulator/Alamofire.build/Objects-normal/arm64/Alamofire.swiftdoc (in target 'Alamofire' from project 'Alamofire')
    cd /Users/nexteleven/Library/Developer/Xcode/DerivedData/SeemiSpiritualCompanion-gpbvwpkxsiosplclirrluecleuxc/SourcePackages/checkouts/Alamofire
    builtin-copy -exclude .DS_Store -exclude CVS -exclude .svn -exclude .git -exclude .hg -resolve-src-symlinks -rename /Users/nexteleven/Library/Developer/Xcode/DerivedData/SeemiSpiritualCompanion-gpbvwpkxsiosplclirrluecleuxc/Build/Intermediates.noindex/Alamofire.build/Debug-iphonesimulator/Alamofire.build/Objects-normal/arm64/Alamofire.swiftdoc /Users/nexteleven/Library/Developer/Xcode/DerivedData/SeemiSpiritualCompanion-gpbvwpkxsiosplclirrluecleuxc/Build/Products/Debug-iphonesimulator/Alamofire.swiftmodule/arm64-apple-ios-simulator.swiftdoc

Copy /Users/nexteleven/Library/Developer/Xcode/DerivedData/SeemiSpiritualCompanion-gpbvwpkxsiosplclirrluecleuxc/Build/Products/Debug-iphonesimulator/Alamofire.swiftmodule/arm64-apple-ios-simulator.abi.json /Users/nexteleven/Library/Developer/Xcode/DerivedData/SeemiSpiritualCompanion-gpbvwpkxsiosplclirrluecleuxc/Build/Intermediates.noindex/Alamofire.build/Debug-iphonesimulator/Alamofire.build/Objects-normal/arm64/Alamofire.abi.json (in target 'Alamofire' from project 'Alamofire')
    cd /Users/nexteleven/Library/Developer/Xcode/DerivedData/SeemiSpiritualCompanion-gpbvwpkxsiosplclirrluecleuxc/SourcePackages/checkouts/Alamofire
    builtin-copy -exclude .DS_Store -exclude CVS -exclude .svn -exclude .git -exclude .hg -resolve-src-symlinks -rename /Users/nexteleven/Library/Developer/Xcode/DerivedData/SeemiSpiritualCompanion-gpbvwpkxsiosplclirrluecleuxc/Build/Intermediates.noindex/Alamofire.build/Debug-iphonesimulator/Alamofire.build/Objects-normal/arm64/Alamofire.abi.json /Users/nexteleven/Library/Developer/Xcode/DerivedData/SeemiSpiritualCompanion-gpbvwpkxsiosplclirrluecleuxc/Build/Products/Debug-iphonesimulator/Alamofire.swiftmodule/arm64-apple-ios-simulator.abi.json

Copy /Users/nexteleven/Library/Developer/Xcode/DerivedData/SeemiSpiritualCompanion-gpbvwpkxsiosplclirrluecleuxc/Build/Products/Debug-iphonesimulator/Alamofire.swiftmodule/Project/arm64-apple-ios-simulator.swiftsourceinfo /Users/nexteleven/Library/Developer/Xcode/DerivedData/SeemiSpiritualCompanion-gpbvwpkxsiosplclirrluecleuxc/Build/Intermediates.noindex/Alamofire.build/Debug-iphonesimulator/Alamofire.build/Objects-normal/arm64/Alamofire.swiftsourceinfo (in target 'Alamofire' from project 'Alamofire')
    cd /Users/nexteleven/Library/Developer/Xcode/DerivedData/SeemiSpiritualCompanion-gpbvwpkxsiosplclirrluecleuxc/SourcePackages/checkouts/Alamofire
    builtin-copy -exclude .DS_Store -exclude CVS -exclude .svn -exclude .git -exclude .hg -resolve-src-symlinks -rename /Users/nexteleven/Library/Developer/Xcode/DerivedData/SeemiSpiritualCompanion-gpbvwpkxsiosplclirrluecleuxc/Build/Intermediates.noindex/Alamofire.build/Debug-iphonesimulator/Alamofire.build/Objects-normal/arm64/Alamofire.swiftsourceinfo /Users/nexteleven/Library/Developer/Xcode/DerivedData/SeemiSpiritualCompanion-gpbvwpkxsiosplclirrluecleuxc/Build/Products/Debug-iphonesimulator/Alamofire.swiftmodule/Project/arm64-apple-ios-simulator.swiftsourceinfo

ProcessProductPackaging "" /Users/nexteleven/Library/Developer/Xcode/DerivedData/SeemiSpiritualCompanion-gpbvwpkxsiosplclirrluecleuxc/Build/Intermediates.noindex/SeemiSpiritualCompanion.build/Debug-iphonesimulator/SeemiSpiritualCompanion.build/SeemiSpiritualCompanion.app-Simulated.xcent (in target 'SeemiSpiritualCompanion' from project 'SeemiSpiritualCompanion')
    cd /Users/nexteleven/Seemi/Surah
    
    Entitlements:
    
    {
    "application-identifier" = "L35VLYNTLK.online.nextelevenstudios.seemi";
}
    
    builtin-productPackagingUtility -entitlements -format xml -o /Users/nexteleven/Library/Developer/Xcode/DerivedData/SeemiSpiritualCompanion-gpbvwpkxsiosplclirrluecleuxc/Build/Intermediates.noindex/SeemiSpiritualCompanion.build/Debug-iphonesimulator/SeemiSpiritualCompanion.build/SeemiSpiritualCompanion.app-Simulated.xcent

ProcessProductPackagingDER /Users/nexteleven/Library/Developer/Xcode/DerivedData/SeemiSpiritualCompanion-gpbvwpkxsiosplclirrluecleuxc/Build/Intermediates.noindex/SeemiSpiritualCompanion.build/Debug-iphonesimulator/SeemiSpiritualCompanion.build/SeemiSpiritualCompanion.app-Simulated.xcent /Users/nexteleven/Library/Developer/Xcode/DerivedData/SeemiSpiritualCompanion-gpbvwpkxsiosplclirrluecleuxc/Build/Intermediates.noindex/SeemiSpiritualCompanion.build/Debug-iphonesimulator/SeemiSpiritualCompanion.build/SeemiSpiritualCompanion.app-Simulated.xcent.der (in target 'SeemiSpiritualCompanion' from project 'SeemiSpiritualCompanion')
    cd /Users/nexteleven/Seemi/Surah
    /usr/bin/derq query -f xml -i /Users/nexteleven/Library/Developer/Xcode/DerivedData/SeemiSpiritualCompanion-gpbvwpkxsiosplclirrluecleuxc/Build/Intermediates.noindex/SeemiSpiritualCompanion.build/Debug-iphonesimulator/SeemiSpiritualCompanion.build/SeemiSpiritualCompanion.app-Simulated.xcent -o /Users/nexteleven/Library/Developer/Xcode/DerivedData/SeemiSpiritualCompanion-gpbvwpkxsiosplclirrluecleuxc/Build/Intermediates.noindex/SeemiSpiritualCompanion.build/Debug-iphonesimulator/SeemiSpiritualCompanion.build/SeemiSpiritualCompanion.app-Simulated.xcent.der --raw

MkDir /Users/nexteleven/Library/Developer/Xcode/DerivedData/SeemiSpiritualCompanion-gpbvwpkxsiosplclirrluecleuxc/Build/Intermediates.noindex/SeemiSpiritualCompanion.build/Debug-iphonesimulator/SeemiSpiritualCompanion.build/assetcatalog_output/unthinned (in target 'SeemiSpiritualCompanion' from project 'SeemiSpiritualCompanion')
    cd /Users/nexteleven/Seemi/Surah
    /bin/mkdir -p /Users/nexteleven/Library/Developer/Xcode/DerivedData/SeemiSpiritualCompanion-gpbvwpkxsiosplclirrluecleuxc/Build/Intermediates.noindex/SeemiSpiritualCompanion.build/Debug-iphonesimulator/SeemiSpiritualCompanion.build/assetcatalog_output/unthinned

MkDir /Users/nexteleven/Library/Developer/Xcode/DerivedData/SeemiSpiritualCompanion-gpbvwpkxsiosplclirrluecleuxc/Build/Intermediates.noindex/SeemiSpiritualCompanion.build/Debug-iphonesimulator/SeemiSpiritualCompanion.build/assetcatalog_output/thinned (in target 'SeemiSpiritualCompanion' from project 'SeemiSpiritualCompanion')
    cd /Users/nexteleven/Seemi/Surah
    /bin/mkdir -p /Users/nexteleven/Library/Developer/Xcode/DerivedData/SeemiSpiritualCompanion-gpbvwpkxsiosplclirrluecleuxc/Build/Intermediates.noindex/SeemiSpiritualCompanion.build/Debug-iphonesimulator/SeemiSpiritualCompanion.build/assetcatalog_output/thinned

GenerateAssetSymbols /Users/nexteleven/Seemi/Surah/Assets.xcassets (in target 'SeemiSpiritualCompanion' from project 'SeemiSpiritualCompanion')
    cd /Users/nexteleven/Seemi/Surah
    /Applications/Xcode.app/Contents/Developer/usr/bin/actool /Users/nexteleven/Seemi/Surah/Assets.xcassets --compile /Users/nexteleven/Library/Developer/Xcode/DerivedData/SeemiSpiritualCompanion-gpbvwpkxsiosplclirrluecleuxc/Build/Products/Debug-iphonesimulator/SeemiSpiritualCompanion.app --output-format human-readable-text --notices --warnings --export-dependency-info /Users/nexteleven/Library/Developer/Xcode/DerivedData/SeemiSpiritualCompanion-gpbvwpkxsiosplclirrluecleuxc/Build/Intermediates.noindex/SeemiSpiritualCompanion.build/Debug-iphonesimulator/SeemiSpiritualCompanion.build/assetcatalog_dependencies --output-partial-info-plist /Users/nexteleven/Library/Developer/Xcode/DerivedData/SeemiSpiritualCompanion-gpbvwpkxsiosplclirrluecleuxc/Build/Intermediates.noindex/SeemiSpiritualCompanion.build/Debug-iphonesimulator/SeemiSpiritualCompanion.build/assetcatalog_generated_info.plist --app-icon AppIcon --compress-pngs --enable-on-demand-resources YES --development-region en --target-device iphone --target-device ipad --minimum-deployment-target 26.0 --platform iphonesimulator --bundle-identifier online.nextelevenstudios.seemi --generate-swift-asset-symbol-extensions NO --generate-swift-asset-symbols /Users/nexteleven/Library/Developer/Xcode/DerivedData/SeemiSpiritualCompanion-gpbvwpkxsiosplclirrluecleuxc/Build/Intermediates.noindex/SeemiSpiritualCompanion.build/Debug-iphonesimulator/SeemiSpiritualCompanion.build/DerivedSources/GeneratedAssetSymbols.swift --generate-objc-asset-symbols /Users/nexteleven/Library/Developer/Xcode/DerivedData/SeemiSpiritualCompanion-gpbvwpkxsiosplclirrluecleuxc/Build/Intermediates.noindex/SeemiSpiritualCompanion.build/Debug-iphonesimulator/SeemiSpiritualCompanion.build/DerivedSources/GeneratedAssetSymbols.h --generate-asset-symbol-index /Users/nexteleven/Library/Developer/Xcode/DerivedData/SeemiSpiritualCompanion-gpbvwpkxsiosplclirrluecleuxc/Build/Intermediates.noindex/SeemiSpiritualCompanion.build/Debug-iphonesimulator/SeemiSpiritualCompanion.build/DerivedSources/GeneratedAssetSymbols-Index.plist
/* com.apple.actool.compilation-results */
/Users/nexteleven/Library/Developer/Xcode/DerivedData/SeemiSpiritualCompanion-gpbvwpkxsiosplclirrluecleuxc/Build/Intermediates.noindex/SeemiSpiritualCompanion.build/Debug-iphonesimulator/SeemiSpiritualCompanion.build/DerivedSources/GeneratedAssetSymbols-Index.plist
/Users/nexteleven/Library/Developer/Xcode/DerivedData/SeemiSpiritualCompanion-gpbvwpkxsiosplclirrluecleuxc/Build/Intermediates.noindex/SeemiSpiritualCompanion.build/Debug-iphonesimulator/SeemiSpiritualCompanion.build/DerivedSources/GeneratedAssetSymbols.h
/Users/nexteleven/Library/Developer/Xcode/DerivedData/SeemiSpiritualCompanion-gpbvwpkxsiosplclirrluecleuxc/Build/Intermediates.noindex/SeemiSpiritualCompanion.build/Debug-iphonesimulator/SeemiSpiritualCompanion.build/DerivedSources/GeneratedAssetSymbols.swift


CompileAssetCatalogVariant thinned /Users/nexteleven/Library/Developer/Xcode/DerivedData/SeemiSpiritualCompanion-gpbvwpkxsiosplclirrluecleuxc/Build/Products/Debug-iphonesimulator/SeemiSpiritualCompanion.app /Users/nexteleven/Seemi/Surah/Assets.xcassets (in target 'SeemiSpiritualCompanion' from project 'SeemiSpiritualCompanion')
    cd /Users/nexteleven/Seemi/Surah
    /Applications/Xcode.app/Contents/Developer/usr/bin/actool /Users/nexteleven/Seemi/Surah/Assets.xcassets --compile /Users/nexteleven/Library/Developer/Xcode/DerivedData/SeemiSpiritualCompanion-gpbvwpkxsiosplclirrluecleuxc/Build/Intermediates.noindex/SeemiSpiritualCompanion.build/Debug-iphonesimulator/SeemiSpiritualCompanion.build/assetcatalog_output/thinned --output-format human-readable-text --notices --warnings --export-dependency-info /Users/nexteleven/Library/Developer/Xcode/DerivedData/SeemiSpiritualCompanion-gpbvwpkxsiosplclirrluecleuxc/Build/Intermediates.noindex/SeemiSpiritualCompanion.build/Debug-iphonesimulator/SeemiSpiritualCompanion.build/assetcatalog_dependencies_thinned --output-partial-info-plist /Users/nexteleven/Library/Developer/Xcode/DerivedData/SeemiSpiritualCompanion-gpbvwpkxsiosplclirrluecleuxc/Build/Intermediates.noindex/SeemiSpiritualCompanion.build/Debug-iphonesimulator/SeemiSpiritualCompanion.build/assetcatalog_generated_info.plist_thinned --app-icon AppIcon --compress-pngs --enable-on-demand-resources YES --filter-for-thinning-device-configuration iPhone18,1 --filter-for-device-os-version 26.2 --development-region en --target-device iphone --target-device ipad --minimum-deployment-target 26.0 --platform iphonesimulator

SwiftDriver SeemiSpiritualCompanion normal arm64 com.apple.xcode.tools.swift.compiler (in target 'SeemiSpiritualCompanion' from project 'SeemiSpiritualCompanion')
    cd /Users/nexteleven/Seemi/Surah
    builtin-SwiftDriver -- /Applications/Xcode.app/Contents/Developer/Toolchains/XcodeDefault.xctoolchain/usr/bin/swiftc -module-name SeemiSpiritualCompanion -Onone -enforce-exclusivity\=checked @/Users/nexteleven/Library/Developer/Xcode/DerivedData/SeemiSpiritualCompanion-gpbvwpkxsiosplclirrluecleuxc/Build/Intermediates.noindex/SeemiSpiritualCompanion.build/Debug-iphonesimulator/SeemiSpiritualCompanion.build/Objects-normal/arm64/SeemiSpiritualCompanion.SwiftFileList -DDEBUG -enable-experimental-feature DebugDescriptionMacro -sdk /Applications/Xcode.app/Contents/Developer/Platforms/iPhoneSimulator.platform/Developer/SDKs/iPhoneSimulator26.2.sdk -target arm64-apple-ios26.0-simulator -g -module-cache-path /Users/nexteleven/Library/Developer/Xcode/DerivedData/ModuleCache.noindex -Xfrontend -serialize-debugging-options -enable-testing -index-store-path /Users/nexteleven/Library/Developer/Xcode/DerivedData/SeemiSpiritualCompanion-gpbvwpkxsiosplclirrluecleuxc/Index.noindex/DataStore -Xcc -D_LIBCPP_HARDENING_MODE\=_LIBCPP_HARDENING_MODE_DEBUG -swift-version 6 -I /Users/nexteleven/Library/Developer/Xcode/DerivedData/SeemiSpiritualCompanion-gpbvwpkxsiosplclirrluecleuxc/Build/Products/Debug-iphonesimulator -F /Users/nexteleven/Library/Developer/Xcode/DerivedData/SeemiSpiritualCompanion-gpbvwpkxsiosplclirrluecleuxc/Build/Products/Debug-iphonesimulator/PackageFrameworks -F /Users/nexteleven/Library/Developer/Xcode/DerivedData/SeemiSpiritualCompanion-gpbvwpkxsiosplclirrluecleuxc/Build/Products/Debug-iphonesimulator -c -j8 -enable-batch-mode -incremental -Xcc -ivfsstatcache -Xcc /Users/nexteleven/Library/Developer/Xcode/DerivedData/SDKStatCaches.noindex/iphonesimulator26.2-23C53-7d00a8b37fbd7999ea79df8ebc024bf0.sdkstatcache -output-file-map /Users/nexteleven/Library/Developer/Xcode/DerivedData/SeemiSpiritualCompanion-gpbvwpkxsiosplclirrluecleuxc/Build/Intermediates.noindex/SeemiSpiritualCompanion.build/Debug-iphonesimulator/SeemiSpiritualCompanion.build/Objects-normal/arm64/SeemiSpiritualCompanion-OutputFileMap.json -use-frontend-parseable-output -save-temps -no-color-diagnostics -explicit-module-build -module-cache-path /Users/nexteleven/Library/Developer/Xcode/DerivedData/SeemiSpiritualCompanion-gpbvwpkxsiosplclirrluecleuxc/Build/Intermediates.noindex/SwiftExplicitPrecompiledModules -clang-scanner-module-cache-path /Users/nexteleven/Library/Developer/Xcode/DerivedData/ModuleCache.noindex -sdk-module-cache-path /Users/nexteleven/Library/Developer/Xcode/DerivedData/ModuleCache.noindex -serialize-diagnostics -emit-dependencies -emit-module -emit-module-path /Users/nexteleven/Library/Developer/Xcode/DerivedData/SeemiSpiritualCompanion-gpbvwpkxsiosplclirrluecleuxc/Build/Intermediates.noindex/SeemiSpiritualCompanion.build/Debug-iphonesimulator/SeemiSpiritualCompanion.build/Objects-normal/arm64/SeemiSpiritualCompanion.swiftmodule -validate-clang-modules-once -clang-build-session-file /Users/nexteleven/Library/Developer/Xcode/DerivedData/ModuleCache.noindex/Session.modulevalidation -Xcc -I/Users/nexteleven/Library/Developer/Xcode/DerivedData/SeemiSpiritualCompanion-gpbvwpkxsiosplclirrluecleuxc/Build/Intermediates.noindex/SeemiSpiritualCompanion.build/Debug-iphonesimulator/SeemiSpiritualCompanion.build/swift-overrides.hmap -emit-const-values -Xfrontend -const-gather-protocols-file -Xfrontend /Users/nexteleven/Library/Developer/Xcode/DerivedData/SeemiSpiritualCompanion-gpbvwpkxsiosplclirrluecleuxc/Build/Intermediates.noindex/SeemiSpiritualCompanion.build/Debug-iphonesimulator/SeemiSpiritualCompanion.build/Objects-normal/arm64/SeemiSpiritualCompanion_const_extract_protocols.json -Xcc -iquote -Xcc /Users/nexteleven/Library/Developer/Xcode/DerivedData/SeemiSpiritualCompanion-gpbvwpkxsiosplclirrluecleuxc/Build/Intermediates.noindex/SeemiSpiritualCompanion.build/Debug-iphonesimulator/SeemiSpiritualCompanion.build/SeemiSpiritualCompanion-generated-files.hmap -Xcc -I/Users/nexteleven/Library/Developer/Xcode/DerivedData/SeemiSpiritualCompanion-gpbvwpkxsiosplclirrluecleuxc/Build/Intermediates.noindex/SeemiSpiritualCompanion.build/Debug-iphonesimulator/SeemiSpiritualCompanion.build/SeemiSpiritualCompanion-own-target-headers.hmap -Xcc -I/Users/nexteleven/Library/Developer/Xcode/DerivedData/SeemiSpiritualCompanion-gpbvwpkxsiosplclirrluecleuxc/Build/Intermediates.noindex/SeemiSpiritualCompanion.build/Debug-iphonesimulator/SeemiSpiritualCompanion.build/SeemiSpiritualCompanion-all-non-framework-target-headers.hmap -Xcc -ivfsoverlay -Xcc /Users/nexteleven/Library/Developer/Xcode/DerivedData/SeemiSpiritualCompanion-gpbvwpkxsiosplclirrluecleuxc/Build/Intermediates.noindex/SeemiSpiritualCompanion.build/Debug-iphonesimulator/SeemiSpiritualCompanion-dd6cd381e5a4d5a86bfee030ff463023-VFS-iphonesimulator/all-product-headers.yaml -Xcc -iquote -Xcc /Users/nexteleven/Library/Developer/Xcode/DerivedData/SeemiSpiritualCompanion-gpbvwpkxsiosplclirrluecleuxc/Build/Intermediates.noindex/SeemiSpiritualCompanion.build/Debug-iphonesimulator/SeemiSpiritualCompanion.build/SeemiSpiritualCompanion-project-headers.hmap -Xcc -I/Users/nexteleven/Library/Developer/Xcode/DerivedData/SeemiSpiritualCompanion-gpbvwpkxsiosplclirrluecleuxc/Build/Products/Debug-iphonesimulator/include -Xcc -I/Users/nexteleven/Library/Developer/Xcode/DerivedData/SeemiSpiritualCompanion-gpbvwpkxsiosplclirrluecleuxc/Build/Intermediates.noindex/SeemiSpiritualCompanion.build/Debug-iphonesimulator/SeemiSpiritualCompanion.build/DerivedSources-normal/arm64 -Xcc -I/Users/nexteleven/Library/Developer/Xcode/DerivedData/SeemiSpiritualCompanion-gpbvwpkxsiosplclirrluecleuxc/Build/Intermediates.noindex/SeemiSpiritualCompanion.build/Debug-iphonesimulator/SeemiSpiritualCompanion.build/DerivedSources/arm64 -Xcc -I/Users/nexteleven/Library/Developer/Xcode/DerivedData/SeemiSpiritualCompanion-gpbvwpkxsiosplclirrluecleuxc/Build/Intermediates.noindex/SeemiSpiritualCompanion.build/Debug-iphonesimulator/SeemiSpiritualCompanion.build/DerivedSources -Xcc -DDEBUG\=1 -emit-objc-header -emit-objc-header-path /Users/nexteleven/Library/Developer/Xcode/DerivedData/SeemiSpiritualCompanion-gpbvwpkxsiosplclirrluecleuxc/Build/Intermediates.noindex/SeemiSpiritualCompanion.build/Debug-iphonesimulator/SeemiSpiritualCompanion.build/Objects-normal/arm64/SeemiSpiritualCompanion-Swift.h -working-directory /Users/nexteleven/Seemi/Surah -experimental-emit-module-separately -disable-cmo

SwiftDriverJobDiscovery normal arm64 Compiling ResponseSerialization.swift, RetryPolicy.swift, ServerTrustEvaluation.swift, URLEncodedFormEncoder.swift, Validation.swift (in target 'Alamofire' from project 'Alamofire')

SwiftEmitModule normal arm64 Emitting\ module\ for\ SeemiSpiritualCompanion (in target 'SeemiSpiritualCompanion' from project 'SeemiSpiritualCompanion')
EmitSwiftModule normal arm64 (in target 'SeemiSpiritualCompanion' from project 'SeemiSpiritualCompanion')
    cd /Users/nexteleven/Seemi/Surah
    

SwiftCompile normal arm64 Compiling\ DuaCardView.swift,\ HomeView.swift,\ ImanChatView.swift /Users/nexteleven/Seemi/Surah/Views/IslamicContent/DuaCardView.swift /Users/nexteleven/Seemi/Surah/Views/HomeView.swift /Users/nexteleven/Seemi/Surah/Views/Chat/ImanChatView.swift (in target 'SeemiSpiritualCompanion' from project 'SeemiSpiritualCompanion')

SwiftCompile normal arm64 /Users/nexteleven/Seemi/Surah/Views/IslamicContent/DuaCardView.swift (in target 'SeemiSpiritualCompanion' from project 'SeemiSpiritualCompanion')
    cd /Users/nexteleven/Seemi/Surah
    

SwiftCompile normal arm64 /Users/nexteleven/Seemi/Surah/Views/HomeView.swift (in target 'SeemiSpiritualCompanion' from project 'SeemiSpiritualCompanion')
    cd /Users/nexteleven/Seemi/Surah
    

SwiftCompile normal arm64 /Users/nexteleven/Seemi/Surah/Views/Chat/ImanChatView.swift (in target 'SeemiSpiritualCompanion' from project 'SeemiSpiritualCompanion')
    cd /Users/nexteleven/Seemi/Surah
    

SwiftCompile normal arm64 Compiling\ LaunchScreenView.swift,\ XAIAPIService.swift /Users/nexteleven/Seemi/Surah/Views/LaunchScreenView.swift /Users/nexteleven/Seemi/Surah/Services/XAIAPIService.swift (in target 'SeemiSpiritualCompanion' from project 'SeemiSpiritualCompanion')
Failed frontend command:
/Applications/Xcode.app/Contents/Developer/Toolchains/XcodeDefault.xctoolchain/usr/bin/swift-frontend -frontend -c /Users/nexteleven/Seemi/Surah/Views/Settings/APIKeySettingsView.swift /Users/nexteleven/Seemi/Surah/Services/AudioPlayerService.swift /Users/nexteleven/Seemi/Surah/Models/ChatMessage.swift /Users/nexteleven/Seemi/Surah/Views/IslamicContent/DuaCardView.swift /Users/nexteleven/Seemi/Surah/Views/HomeView.swift /Users/nexteleven/Seemi/Surah/Views/Chat/ImanChatView.swift /Users/nexteleven/Seemi/Surah/Models/IslamicContentItem.swift /Users/nexteleven/Seemi/Surah/Views/IslamicContent/IslamicContentView.swift -primary-file /Users/nexteleven/Seemi/Surah/Views/LaunchScreenView.swift -primary-file /Users/nexteleven/Seemi/Surah/Services/XAIAPIService.swift /Users/nexteleven/Seemi/Surah/Utilities/Logger.swift /Users/nexteleven/Seemi/Surah/Views/Settings/ChatHistorySettingsView.swift /Users/nexteleven/Seemi/Surah/Services/NotificationService.swift /Users/nexteleven/Seemi/Surah/SeemiSpiritualCompanionApp.swift /Users/nexteleven/Seemi/Surah/Views/Settings/SettingsView.swift /Users/nexteleven/Seemi/Surah/Services/SpeechService.swift /Users/nexteleven/Seemi/Surah/Services/StatisticsService.swift /Users/nexteleven/Library/Developer/Xcode/DerivedData/SeemiSpiritualCompanion-gpbvwpkxsiosplclirrluecleuxc/Build/Intermediates.noindex/SeemiSpiritualCompanion.build/Debug-iphonesimulator/SeemiSpiritualCompanion.build/DerivedSources/GeneratedAssetSymbols.swift -emit-dependencies-path /Users/nexteleven/Library/Developer/Xcode/DerivedData/SeemiSpiritualCompanion-gpbvwpkxsiosplclirrluecleuxc/Build/Intermediates.noindex/SeemiSpiritualCompanion.build/Debug-iphonesimulator/SeemiSpiritualCompanion.build/Objects-normal/arm64/LaunchScreenView.d -emit-const-values-path /Users/nexteleven/Library/Developer/Xcode/DerivedData/SeemiSpiritualCompanion-gpbvwpkxsiosplclirrluecleuxc/Build/Intermediates.noindex/SeemiSpiritualCompanion.build/Debug-iphonesimulator/SeemiSpiritualCompanion.build/Objects-normal/arm64/LaunchScreenView.swiftconstvalues -emit-reference-dependencies-path /Users/nexteleven/Library/Developer/Xcode/DerivedData/SeemiSpiritualCompanion-gpbvwpkxsiosplclirrluecleuxc/Build/Intermediates.noindex/SeemiSpiritualCompanion.build/Debug-iphonesimulator/SeemiSpiritualCompanion.build/Objects-normal/arm64/LaunchScreenView.swiftdeps -serialize-diagnostics-path /Users/nexteleven/Library/Developer/Xcode/DerivedData/SeemiSpiritualCompanion-gpbvwpkxsiosplclirrluecleuxc/Build/Intermediates.noindex/SeemiSpiritualCompanion.build/Debug-iphonesimulator/SeemiSpiritualCompanion.build/Objects-normal/arm64/LaunchScreenView.dia -emit-dependencies-path /Users/nexteleven/Library/Developer/Xcode/DerivedData/SeemiSpiritualCompanion-gpbvwpkxsiosplclirrluecleuxc/Build/Intermediates.noindex/SeemiSpiritualCompanion.build/Debug-iphonesimulator/SeemiSpiritualCompanion.build/Objects-normal/arm64/XAIAPIService.d -emit-const-values-path /Users/nexteleven/Library/Developer/Xcode/DerivedData/SeemiSpiritualCompanion-gpbvwpkxsiosplclirrluecleuxc/Build/Intermediates.noindex/SeemiSpiritualCompanion.build/Debug-iphonesimulator/SeemiSpiritualCompanion.build/Objects-normal/arm64/XAIAPIService.swiftconstvalues -emit-reference-dependencies-path /Users/nexteleven/Library/Developer/Xcode/DerivedData/SeemiSpiritualCompanion-gpbvwpkxsiosplclirrluecleuxc/Build/Intermediates.noindex/SeemiSpiritualCompanion.build/Debug-iphonesimulator/SeemiSpiritualCompanion.build/Objects-normal/arm64/XAIAPIService.swiftdeps -serialize-diagnostics-path /Users/nexteleven/Library/Developer/Xcode/DerivedData/SeemiSpiritualCompanion-gpbvwpkxsiosplclirrluecleuxc/Build/Intermediates.noindex/SeemiSpiritualCompanion.build/Debug-iphonesimulator/SeemiSpiritualCompanion.build/Objects-normal/arm64/XAIAPIService.dia -target arm64-apple-ios26.0-simulator -module-can-import-version DeveloperToolsSupport 23.0.4 23.0.4 -disable-cross-import-overlay-search -swift-module-cross-import SwiftData /Applications/Xcode.app/Contents/Developer/Platforms/iPhoneSimulator.platform/Developer/SDKs/iPhoneSimulator26.2.sdk/System/Library/Frameworks/SwiftData.framework/Modules/SwiftData.swiftcrossimport/CoreData.swiftoverlay -swift-module-cross-import SwiftData /Applications/Xcode.app/Contents/Developer/Platforms/iPhoneSimulator.platform/Developer/SDKs/iPhoneSimulator26.2.sdk/System/Library/Frameworks/SwiftData.framework/Modules/SwiftData.swiftcrossimport/SwiftUI.swiftoverlay -load-resolved-plugin /Applications/Xcode.app/Contents/Developer/Platforms/iPhoneOS.platform/Developer/usr/lib/swift/host/plugins/libFoundationMacros.dylib\#/Applications/Xcode.app/Contents/Developer/Platforms/iPhoneOS.platform/Developer/usr/bin/swift-plugin-server\#FoundationMacros -load-resolved-plugin /Applications/Xcode.app/Contents/Developer/Platforms/iPhoneOS.platform/Developer/usr/lib/swift/host/plugins/libObservationMacros.dylib\#/Applications/Xcode.app/Contents/Developer/Platforms/iPhoneOS.platform/Developer/usr/bin/swift-plugin-server\#ObservationMacros -load-resolved-plugin /Applications/Xcode.app/Contents/Developer/Platforms/iPhoneOS.platform/Developer/usr/lib/swift/host/plugins/libPreviewsMacros.dylib\#/Applications/Xcode.app/Contents/Developer/Platforms/iPhoneOS.platform/Developer/usr/bin/swift-plugin-server\#PreviewsMacros -load-resolved-plugin /Applications/Xcode.app/Contents/Developer/Platforms/iPhoneOS.platform/Developer/usr/lib/swift/host/plugins/libSwiftDataMacros.dylib\#/Applications/Xcode.app/Contents/Developer/Platforms/iPhoneOS.platform/Developer/usr/bin/swift-plugin-server\#SwiftDataMacros -load-resolved-plugin /Applications/Xcode.app/Contents/Developer/Platforms/iPhoneOS.platform/Developer/usr/lib/swift/host/plugins/libSwiftMacros.dylib\#/Applications/Xcode.app/Contents/Developer/Platforms/iPhoneOS.platform/Developer/usr/bin/swift-plugin-server\#SwiftMacros -load-resolved-plugin /Applications/Xcode.app/Contents/Developer/Platforms/iPhoneOS.platform/Developer/usr/lib/swift/host/plugins/libSwiftUIMacros.dylib\#/Applications/Xcode.app/Contents/Developer/Platforms/iPhoneOS.platform/Developer/usr/bin/swift-plugin-server\#SwiftUIMacros -disable-implicit-swift-modules -Xcc -fno-implicit-modules -Xcc -fno-implicit-module-maps -explicit-swift-module-map-file /Users/nexteleven/Library/Developer/Xcode/DerivedData/SeemiSpiritualCompanion-gpbvwpkxsiosplclirrluecleuxc/Build/Intermediates.noindex/SeemiSpiritualCompanion.build/Debug-iphonesimulator/SeemiSpiritualCompanion.build/Objects-normal/arm64/SeemiSpiritualCompanion-dependencies-1.json -Xllvm -aarch64-use-tbi -enable-objc-interop -sdk /Applications/Xcode.app/Contents/Developer/Platforms/iPhoneSimulator.platform/Developer/SDKs/iPhoneSimulator26.2.sdk -I /Users/nexteleven/Library/Developer/Xcode/DerivedData/SeemiSpiritualCompanion-gpbvwpkxsiosplclirrluecleuxc/Build/Products/Debug-iphonesimulator -F /Users/nexteleven/Library/Developer/Xcode/DerivedData/SeemiSpiritualCompanion-gpbvwpkxsiosplclirrluecleuxc/Build/Products/Debug-iphonesimulator/PackageFrameworks -F /Users/nexteleven/Library/Developer/Xcode/DerivedData/SeemiSpiritualCompanion-gpbvwpkxsiosplclirrluecleuxc/Build/Products/Debug-iphonesimulator -no-color-diagnostics -Xcc -fno-color-diagnostics -enable-testing -g -debug-info-format\=dwarf -dwarf-version\=5 -module-cache-path /Users/nexteleven/Library/Developer/Xcode/DerivedData/SeemiSpiritualCompanion-gpbvwpkxsiosplclirrluecleuxc/Build/Intermediates.noindex/SwiftExplicitPrecompiledModules -swift-version 6 -enforce-exclusivity\=checked -Onone -D DEBUG -serialize-debugging-options -const-gather-protocols-file /Users/nexteleven/Library/Developer/Xcode/DerivedData/SeemiSpiritualCompanion-gpbvwpkxsiosplclirrluecleuxc/Build/Intermediates.noindex/SeemiSpiritualCompanion.build/Debug-iphonesimulator/SeemiSpiritualCompanion.build/Objects-normal/arm64/SeemiSpiritualCompanion_const_extract_protocols.json -enable-experimental-feature DebugDescriptionMacro -empty-abi-descriptor -validate-clang-modules-once -clang-build-session-file /Users/nexteleven/Library/Developer/Xcode/DerivedData/ModuleCache.noindex/Session.modulevalidation -Xcc -working-directory -Xcc /Users/nexteleven/Seemi/Surah -enable-anonymous-context-mangled-names -file-compilation-dir /Users/nexteleven/Seemi/Surah -Xcc -D_LIBCPP_HARDENING_MODE\=_LIBCPP_HARDENING_MODE_DEBUG -Xcc -ivfsstatcache -Xcc /Users/nexteleven/Library/Developer/Xcode/DerivedData/SDKStatCaches.noindex/iphonesimulator26.2-23C53-7d00a8b37fbd7999ea79df8ebc024bf0.sdkstatcache -Xcc -I/Users/nexteleven/Library/Developer/Xcode/DerivedData/SeemiSpiritualCompanion-gpbvwpkxsiosplclirrluecleuxc/Build/Intermediates.noindex/SeemiSpiritualCompanion.build/Debug-iphonesimulator/SeemiSpiritualCompanion.build/swift-overrides.hmap -Xcc -iquote -Xcc /Users/nexteleven/Library/Developer/Xcode/DerivedData/SeemiSpiritualCompanion-gpbvwpkxsiosplclirrluecleuxc/Build/Intermediates.noindex/SeemiSpiritualCompanion.build/Debug-iphonesimulator/SeemiSpiritualCompanion.build/SeemiSpiritualCompanion-generated-files.hmap -Xcc -I/Users/nexteleven/Library/Developer/Xcode/DerivedData/SeemiSpiritualCompanion-gpbvwpkxsiosplclirrluecleuxc/Build/Intermediates.noindex/SeemiSpiritualCompanion.build/Debug-iphonesimulator/SeemiSpiritualCompanion.build/SeemiSpiritualCompanion-own-target-headers.hmap -Xcc -I/Users/nexteleven/Library/Developer/Xcode/DerivedData/SeemiSpiritualCompanion-gpbvwpkxsiosplclirrluecleuxc/Build/Intermediates.noindex/SeemiSpiritualCompanion.build/Debug-iphonesimulator/SeemiSpiritualCompanion.build/SeemiSpiritualCompanion-all-non-framework-target-headers.hmap -Xcc -ivfsoverlay -Xcc /Users/nexteleven/Library/Developer/Xcode/DerivedData/SeemiSpiritualCompanion-gpbvwpkxsiosplclirrluecleuxc/Build/Intermediates.noindex/SeemiSpiritualCompanion.build/Debug-iphonesimulator/SeemiSpiritualCompanion-dd6cd381e5a4d5a86bfee030ff463023-VFS-iphonesimulator/all-product-headers.yaml -Xcc -iquote -Xcc /Users/nexteleven/Library/Developer/Xcode/DerivedData/SeemiSpiritualCompanion-gpbvwpkxsiosplclirrluecleuxc/Build/Intermediates.noindex/SeemiSpiritualCompanion.build/Debug-iphonesimulator/SeemiSpiritualCompanion.build/SeemiSpiritualCompanion-project-headers.hmap -Xcc -I/Users/nexteleven/Library/Developer/Xcode/DerivedData/SeemiSpiritualCompanion-gpbvwpkxsiosplclirrluecleuxc/Build/Products/Debug-iphonesimulator/include -Xcc -I/Users/nexteleven/Library/Developer/Xcode/DerivedData/SeemiSpiritualCompanion-gpbvwpkxsiosplclirrluecleuxc/Build/Intermediates.noindex/SeemiSpiritualCompanion.build/Debug-iphonesimulator/SeemiSpiritualCompanion.build/DerivedSources-normal/arm64 -Xcc -I/Users/nexteleven/Library/Developer/Xcode/DerivedData/SeemiSpiritualCompanion-gpbvwpkxsiosplclirrluecleuxc/Build/Intermediates.noindex/SeemiSpiritualCompanion.build/Debug-iphonesimulator/SeemiSpiritualCompanion.build/DerivedSources/arm64 -Xcc -I/Users/nexteleven/Library/Developer/Xcode/DerivedData/SeemiSpiritualCompanion-gpbvwpkxsiosplclirrluecleuxc/Build/Intermediates.noindex/SeemiSpiritualCompanion.build/Debug-iphonesimulator/SeemiSpiritualCompanion.build/DerivedSources -Xcc -DDEBUG\=1 -no-auto-bridging-header-chaining -module-name SeemiSpiritualCompanion -frontend-parseable-output -disable-clang-spi -target-sdk-version 26.2 -target-sdk-name iphonesimulator26.2 -clang-target arm64-apple-ios26.2-simulator -in-process-plugin-server-path /Applications/Xcode.app/Contents/Developer/Toolchains/XcodeDefault.xctoolchain/usr/lib/swift/host/libSwiftInProcPluginServer.dylib -o /Users/nexteleven/Library/Developer/Xcode/DerivedData/SeemiSpiritualCompanion-gpbvwpkxsiosplclirrluecleuxc/Build/Intermediates.noindex/SeemiSpiritualCompanion.build/Debug-iphonesimulator/SeemiSpiritualCompanion.build/Objects-normal/arm64/LaunchScreenView.o -o /Users/nexteleven/Library/Developer/Xcode/DerivedData/SeemiSpiritualCompanion-gpbvwpkxsiosplclirrluecleuxc/Build/Intermediates.noindex/SeemiSpiritualCompanion.build/Debug-iphonesimulator/SeemiSpiritualCompanion.build/Objects-normal/arm64/XAIAPIService.o -index-unit-output-path /SeemiSpiritualCompanion.build/Debug-iphonesimulator/SeemiSpiritualCompanion.build/Objects-normal/arm64/LaunchScreenView.o -index-unit-output-path /SeemiSpiritualCompanion.build/Debug-iphonesimulator/SeemiSpiritualCompanion.build/Objects-normal/arm64/XAIAPIService.o -index-store-path /Users/nexteleven/Library/Developer/Xcode/DerivedData/SeemiSpiritualCompanion-gpbvwpkxsiosplclirrluecleuxc/Index.noindex/DataStore -index-system-modules

SwiftCompile normal arm64 /Users/nexteleven/Seemi/Surah/Views/LaunchScreenView.swift (in target 'SeemiSpiritualCompanion' from project 'SeemiSpiritualCompanion')
    cd /Users/nexteleven/Seemi/Surah
    

SwiftCompile normal arm64 /Users/nexteleven/Seemi/Surah/Services/XAIAPIService.swift (in target 'SeemiSpiritualCompanion' from project 'SeemiSpiritualCompanion')
    cd /Users/nexteleven/Seemi/Surah
    
/Users/nexteleven/Seemi/Surah/Services/XAIAPIService.swift:222:34: error: cannot find 'CertificatePinningService' in scope
        let serverTrustManager = CertificatePinningService.createServerTrustManager()
                                 ^~~~~~~~~~~~~~~~~~~~~~~~~
/Users/nexteleven/Seemi/Surah/Services/XAIAPIService.swift:227:22: error: cannot infer contextual base in reference to member 'post'
            method: .post,
                    ~^~~~
/Users/nexteleven/Seemi/Surah/Services/XAIAPIService.swift:233:75: error: cannot infer type of closure parameter 'response' without a type annotation
        .responseDecodable(of: ChatCompletionResponse.self) { [weak self] response in
                                                                          ^

SwiftCompile normal arm64 Compiling\ NotificationService.swift,\ SeemiSpiritualCompanionApp.swift /Users/nexteleven/Seemi/Surah/Services/NotificationService.swift /Users/nexteleven/Seemi/Surah/SeemiSpiritualCompanionApp.swift (in target 'SeemiSpiritualCompanion' from project 'SeemiSpiritualCompanion')

SwiftCompile normal arm64 /Users/nexteleven/Seemi/Surah/Services/NotificationService.swift (in target 'SeemiSpiritualCompanion' from project 'SeemiSpiritualCompanion')
    cd /Users/nexteleven/Seemi/Surah
    

SwiftCompile normal arm64 /Users/nexteleven/Seemi/Surah/SeemiSpiritualCompanionApp.swift (in target 'SeemiSpiritualCompanion' from project 'SeemiSpiritualCompanion')
    cd /Users/nexteleven/Seemi/Surah
    

SwiftCompile normal arm64 Compiling\ APIKeySettingsView.swift,\ AudioPlayerService.swift,\ ChatMessage.swift /Users/nexteleven/Seemi/Surah/Views/Settings/APIKeySettingsView.swift /Users/nexteleven/Seemi/Surah/Services/AudioPlayerService.swift /Users/nexteleven/Seemi/Surah/Models/ChatMessage.swift (in target 'SeemiSpiritualCompanion' from project 'SeemiSpiritualCompanion')

SwiftCompile normal arm64 /Users/nexteleven/Seemi/Surah/Views/Settings/APIKeySettingsView.swift (in target 'SeemiSpiritualCompanion' from project 'SeemiSpiritualCompanion')
    cd /Users/nexteleven/Seemi/Surah
    

SwiftCompile normal arm64 /Users/nexteleven/Seemi/Surah/Services/AudioPlayerService.swift (in target 'SeemiSpiritualCompanion' from project 'SeemiSpiritualCompanion')
    cd /Users/nexteleven/Seemi/Surah
    

SwiftCompile normal arm64 /Users/nexteleven/Seemi/Surah/Models/ChatMessage.swift (in target 'SeemiSpiritualCompanion' from project 'SeemiSpiritualCompanion')
    cd /Users/nexteleven/Seemi/Surah
    

SwiftDriverJobDiscovery normal arm64 Compiling Combine.swift, Concurrency.swift, EventMonitor.swift, MultipartFormData.swift, MultipartUpload.swift (in target 'Alamofire' from project 'Alamofire')

SwiftCompile normal arm64 Compiling\ SettingsView.swift,\ SpeechService.swift /Users/nexteleven/Seemi/Surah/Views/Settings/SettingsView.swift /Users/nexteleven/Seemi/Surah/Services/SpeechService.swift (in target 'SeemiSpiritualCompanion' from project 'SeemiSpiritualCompanion')

SwiftCompile normal arm64 /Users/nexteleven/Seemi/Surah/Views/Settings/SettingsView.swift (in target 'SeemiSpiritualCompanion' from project 'SeemiSpiritualCompanion')
    cd /Users/nexteleven/Seemi/Surah
    

SwiftCompile normal arm64 /Users/nexteleven/Seemi/Surah/Services/SpeechService.swift (in target 'SeemiSpiritualCompanion' from project 'SeemiSpiritualCompanion')
    cd /Users/nexteleven/Seemi/Surah
    

SwiftDriverJobDiscovery normal arm64 Compiling Request.swift, RequestTaskMap.swift, Response.swift, Session.swift, SessionDelegate.swift, URLConvertible+URLRequestConvertible.swift (in target 'Alamofire' from project 'Alamofire')

SwiftCompile normal arm64 Compiling\ IslamicContentItem.swift,\ IslamicContentView.swift /Users/nexteleven/Seemi/Surah/Models/IslamicContentItem.swift /Users/nexteleven/Seemi/Surah/Views/IslamicContent/IslamicContentView.swift (in target 'SeemiSpiritualCompanion' from project 'SeemiSpiritualCompanion')
SwiftCompile normal arm64 /Users/nexteleven/Seemi/Surah/Models/IslamicContentItem.swift (in target 'SeemiSpiritualCompanion' from project 'SeemiSpiritualCompanion')
    cd /Users/nexteleven/Seemi/Surah
    

SwiftCompile normal arm64 /Users/nexteleven/Seemi/Surah/Views/IslamicContent/IslamicContentView.swift (in target 'SeemiSpiritualCompanion' from project 'SeemiSpiritualCompanion')
    cd /Users/nexteleven/Seemi/Surah
    

SwiftDriverJobDiscovery normal arm64 Compiling resource_bundle_accessor.swift, Alamofire.swift, AFError.swift, DataRequest.swift, DataStreamRequest.swift, DownloadRequest.swift (in target 'Alamofire' from project 'Alamofire')

SwiftCompile normal arm64 Compiling\ Logger.swift,\ ChatHistorySettingsView.swift /Users/nexteleven/Seemi/Surah/Utilities/Logger.swift /Users/nexteleven/Seemi/Surah/Views/Settings/ChatHistorySettingsView.swift (in target 'SeemiSpiritualCompanion' from project 'SeemiSpiritualCompanion')

** BUILD FAILED **


The following build commands failed:
	SwiftCompile normal arm64 Compiling\ LaunchScreenView.swift,\ XAIAPIService.swift /Users/nexteleven/Seemi/Surah/Views/LaunchScreenView.swift /Users/nexteleven/Seemi/Surah/Services/XAIAPIService.swift (in target 'SeemiSpiritualCompanion' from project 'SeemiSpiritualCompanion')
	SwiftCompile normal arm64 /Users/nexteleven/Seemi/Surah/Services/XAIAPIService.swift (in target 'SeemiSpiritualCompanion' from project 'SeemiSpiritualCompanion')
	Building project SeemiSpiritualCompanion with scheme SeemiSpiritualCompanion
(3 failures)
